Archive member included to satisfy reference by file (symbol)

c:/program files (x86)/atmel/studio/7.0/toolchain/avr8/avr8-gnu-toolchain/bin/../lib/gcc/avr/5.4.0/../../../../avr/lib/avr6\libm.a(fixunssfsi.o)
                              light.o (__fixunssfsi)
c:/program files (x86)/atmel/studio/7.0/toolchain/avr8/avr8-gnu-toolchain/bin/../lib/gcc/avr/5.4.0/../../../../avr/lib/avr6\libm.a(fp_split3.o)
                              c:/program files (x86)/atmel/studio/7.0/toolchain/avr8/avr8-gnu-toolchain/bin/../lib/gcc/avr/5.4.0/../../../../avr/lib/avr6\libm.a(fixunssfsi.o) (__fp_splitA)
c:/program files (x86)/atmel/studio/7.0/toolchain/avr8/avr8-gnu-toolchain/bin/../lib/gcc/avr/5.4.0/../../../../avr/lib/avr6\libm.a(fp_zero.o)
                              c:/program files (x86)/atmel/studio/7.0/toolchain/avr8/avr8-gnu-toolchain/bin/../lib/gcc/avr/5.4.0/../../../../avr/lib/avr6\libm.a(fixunssfsi.o) (__fp_zero)
../drivers\libIotLibrary.a(hih8120.o)
                              main.o (hih8120_initialise)
../drivers\libIotLibrary.a(lora_driver.o)
                              LoRaWANHandler.o (lora_driver_flushBuffers)
../drivers\libIotLibrary.a(lora_driver_utils.o)
                              ../drivers\libIotLibrary.a(lora_driver.o) (decode_port_no)
../drivers\libIotLibrary.a(mh_z19.o)
                              main.o (mh_z19_initialise)
../drivers\libIotLibrary.a(rc_servo.o)
                              tempAndHum.o (rc_servo_setPosition)
../drivers\libIotLibrary.a(serial.o)
                              ../drivers\libIotLibrary.a(lora_driver.o) (serial_create)
../drivers\libIotLibrary.a(stdio_driver.o)
                              main.o (stdio_initialise)
../drivers\libIotLibrary.a(status_leds.o)
                              main.o (status_leds_initialise)
../drivers\libIotLibrary.a(tsl2591.o)
                              main.o (tsl2591_initialise)
../drivers\libIotLibrary.a(twi.o)
                              ../drivers\libIotLibrary.a(hih8120.o) (twiCreate)
../drivers\libIotLibrary.a(fifo.o)
                              ../drivers\libIotLibrary.a(serial.o) (fifo_init)
c:/program files (x86)/atmel/studio/7.0/toolchain/avr8/avr8-gnu-toolchain/bin/../lib/gcc/avr/5.4.0/../../../../avr/lib/avr6\libm.a(addsf3.o)
                              ../drivers\libIotLibrary.a(hih8120.o) (__subsf3)
c:/program files (x86)/atmel/studio/7.0/toolchain/avr8/avr8-gnu-toolchain/bin/../lib/gcc/avr/5.4.0/../../../../avr/lib/avr6\libm.a(addsf3x.o)
                              c:/program files (x86)/atmel/studio/7.0/toolchain/avr8/avr8-gnu-toolchain/bin/../lib/gcc/avr/5.4.0/../../../../avr/lib/avr6\libm.a(addsf3.o) (__addsf3x)
c:/program files (x86)/atmel/studio/7.0/toolchain/avr8/avr8-gnu-toolchain/bin/../lib/gcc/avr/5.4.0/../../../../avr/lib/avr6\libm.a(divsf3.o)
                              ../drivers\libIotLibrary.a(hih8120.o) (__divsf3)
c:/program files (x86)/atmel/studio/7.0/toolchain/avr8/avr8-gnu-toolchain/bin/../lib/gcc/avr/5.4.0/../../../../avr/lib/avr6\libm.a(divsf3x.o)
                              c:/program files (x86)/atmel/studio/7.0/toolchain/avr8/avr8-gnu-toolchain/bin/../lib/gcc/avr/5.4.0/../../../../avr/lib/avr6\libm.a(divsf3.o) (__divsf3x)
c:/program files (x86)/atmel/studio/7.0/toolchain/avr8/avr8-gnu-toolchain/bin/../lib/gcc/avr/5.4.0/../../../../avr/lib/avr6\libm.a(fixsfsi.o)
                              ../drivers\libIotLibrary.a(hih8120.o) (__fixsfsi)
c:/program files (x86)/atmel/studio/7.0/toolchain/avr8/avr8-gnu-toolchain/bin/../lib/gcc/avr/5.4.0/../../../../avr/lib/avr6\libm.a(floatsisf.o)
                              ../drivers\libIotLibrary.a(hih8120.o) (__floatunsisf)
c:/program files (x86)/atmel/studio/7.0/toolchain/avr8/avr8-gnu-toolchain/bin/../lib/gcc/avr/5.4.0/../../../../avr/lib/avr6\libm.a(fp_inf.o)
                              c:/program files (x86)/atmel/studio/7.0/toolchain/avr8/avr8-gnu-toolchain/bin/../lib/gcc/avr/5.4.0/../../../../avr/lib/avr6\libm.a(addsf3x.o) (__fp_inf)
c:/program files (x86)/atmel/studio/7.0/toolchain/avr8/avr8-gnu-toolchain/bin/../lib/gcc/avr/5.4.0/../../../../avr/lib/avr6\libm.a(fp_nan.o)
                              c:/program files (x86)/atmel/studio/7.0/toolchain/avr8/avr8-gnu-toolchain/bin/../lib/gcc/avr/5.4.0/../../../../avr/lib/avr6\libm.a(addsf3x.o) (__fp_nan)
c:/program files (x86)/atmel/studio/7.0/toolchain/avr8/avr8-gnu-toolchain/bin/../lib/gcc/avr/5.4.0/../../../../avr/lib/avr6\libm.a(fp_pscA.o)
                              c:/program files (x86)/atmel/studio/7.0/toolchain/avr8/avr8-gnu-toolchain/bin/../lib/gcc/avr/5.4.0/../../../../avr/lib/avr6\libm.a(addsf3x.o) (__fp_pscA)
c:/program files (x86)/atmel/studio/7.0/toolchain/avr8/avr8-gnu-toolchain/bin/../lib/gcc/avr/5.4.0/../../../../avr/lib/avr6\libm.a(fp_pscB.o)
                              c:/program files (x86)/atmel/studio/7.0/toolchain/avr8/avr8-gnu-toolchain/bin/../lib/gcc/avr/5.4.0/../../../../avr/lib/avr6\libm.a(addsf3x.o) (__fp_pscB)
[...]
Memory Configuration

Name             Origin             Length             Attributes
text             0x00000000         0x00040000         xr
data             0x00800200         0x00002000         rw !x
eeprom           0x00810000         0x00001000         rw !x
fuse             0x00820000         0x00000003         rw !x
lock             0x00830000         0x00000400         rw !x
signature        0x00840000         0x00000400         rw !x
user_signatures  0x00850000         0x00000400         rw !x
*default*        0x00000000         0xffffffff

Linker script and memory map

Address of section .data set to 0x800200
LOAD C:/Program Files (x86)/Atmel/Studio/7.0/Packs/atmel/ATmega_DFP/1.6.364/gcc/dev/atmega2560/avr6/crtatmega2560.o
LOAD co2.o
LOAD FreeRTOS/FreeRTOSTraceDriver/FreeRTOSTraceDriver.o
LOAD FreeRTOS/src/croutine.o
LOAD FreeRTOS/src/event_groups.o
LOAD FreeRTOS/src/heap_4.o
LOAD FreeRTOS/src/list.o
LOAD FreeRTOS/src/port.o
LOAD FreeRTOS/src/queue.o
LOAD FreeRTOS/src/stream_buffer.o
LOAD FreeRTOS/src/tasks.o
LOAD FreeRTOS/src/timers.o
LOAD FreeRTOS/src/variantHooks.o
LOAD motor.o
LOAD tempAndHum.o
LOAD light.o
LOAD LoRaWANHandler.o
LOAD main.o
START GROUP
LOAD c:/program files (x86)/atmel/studio/7.0/toolchain/avr8/avr8-gnu-toolchain/bin/../lib/gcc/avr/5.4.0/../../../../avr/lib/avr6\libm.a
LOAD ../drivers\libIotLibrary.a
END GROUP
START GROUP
LOAD c:/program files (x86)/atmel/studio/7.0/toolchain/avr8/avr8-gnu-toolchain/bin/../lib/gcc/avr/5.4.0/avr6\libgcc.a
LOAD c:/program files (x86)/atmel/studio/7.0/toolchain/avr8/avr8-gnu-toolchain/bin/../lib/gcc/avr/5.4.0/../../../../avr/lib/avr6\libm.a
LOAD c:/program files (x86)/atmel/studio/7.0/toolchain/avr8/avr8-gnu-toolchain/bin/../lib/gcc/avr/5.4.0/../../../../avr/lib/avr6\libc.a
LOAD C:/Program Files (x86)/Atmel/Studio/7.0/Packs/atmel/ATmega_DFP/1.6.364/gcc/dev/atmega2560/avr6\libatmega2560.a
END GROUP
                0x00000000                __TEXT_REGION_ORIGIN__ = DEFINED (__TEXT_REGION_ORIGIN__)?__TEXT_REGION_ORIGIN__:0x0
                [0x00800200]                __DATA_REGION_ORIGIN__ = DEFINED (__DATA_REGION_ORIGIN__)?__DATA_REGION_ORIGIN__:0x800200
                [0x00040000]                __TEXT_REGION_LENGTH__ = DEFINED (__TEXT_REGION_LENGTH__)?__TEXT_REGION_LENGTH__:0x100000
                [0x00002000]                __DATA_REGION_LENGTH__ = DEFINED (__DATA_REGION_LENGTH__)?__DATA_REGION_LENGTH__:0xfe00
                [0x00001000]                __EEPROM_REGION_LENGTH__ = DEFINED (__EEPROM_REGION_LENGTH__)?__EEPROM_REGION_LENGTH__:0x10000
                [0x00000003]                __FUSE_REGION_LENGTH__ = DEFINED (__FUSE_REGION_LENGTH__)?__FUSE_REGION_LENGTH__:0x400
                0x00000400                __LOCK_REGION_LENGTH__ = DEFINED (__LOCK_REGION_LENGTH__)?__LOCK_REGION_LENGTH__:0x400
                0x00000400                __SIGNATURE_REGION_LENGTH__ = DEFINED (__SIGNATURE_REGION_LENGTH__)?__SIGNATURE_REGION_LENGTH__:0x400
                0x00000400                __USER_SIGNATURE_REGION_LENGTH__ = DEFINED (__USER_SIGNATURE_REGION_LENGTH__)?__USER_SIGNATURE_REGION_LENGTH__:0x400

.hash
 *(.hash)

.dynsym
 *(.dynsym)

.dynstr
 *(.dynstr)

.gnu.version
 *(.gnu.version)

.gnu.version_d
 *(.gnu.version_d)

.gnu.version_r
 *(.gnu.version_r)

.rel.init
 *(.rel.init)

.rela.init
 *(.rela.init)

.rel.text
 *(.rel.text)
 *(.rel.text.*)
 *(.rel.gnu.linkonce.t*)

.rela.text
 *(.rela.text)
 *(.rela.text.*)
 *(.rela.gnu.linkonce.t*)

.rel.fini
 *(.rel.fini)

.rela.fini
 *(.rela.fini)

.rel.rodata
 *(.rel.rodata)
 *(.rel.rodata.*)
 *(.rel.gnu.linkonce.r*)

.rela.rodata
 *(.rela.rodata)
 *(.rela.rodata.*)
 *(.rela.gnu.linkonce.r*)

.rel.data
 *(.rel.data)
 *(.rel.data.*)
 *(.rel.gnu.linkonce.d*)

.rela.data
 *(.rela.data)
 *(.rela.data.*)
 *(.rela.gnu.linkonce.d*)

.rel.ctors
 *(.rel.ctors)

.rela.ctors
 *(.rela.ctors)

.rel.dtors
 *(.rel.dtors)

.rela.dtors
 *(.rela.dtors)

.rel.got
 *(.rel.got)

.rela.got
 *(.rela.got)

.rel.bss
 *(.rel.bss)

.rela.bss
 *(.rela.bss)

.rel.plt
 *(.rel.plt)

.rela.plt
 *(.rela.plt)

.text           0x00000000     0x63e0
 *(.vectors)
 .vectors       0x00000000       0xe4 C:/Program Files (x86)/Atmel/Studio/7.0/Packs/atmel/ATmega_DFP/1.6.364/gcc/dev/atmega2560/avr6/crtatmega2560.o
                0x00000000                __vector_default
                0x00000000                __vectors
 *(.vectors)
 *(.progmem.gcc*)
 .progmem.gcc_sw_table.prvProcessReceivedCommands
                0x000000e4       0x14 FreeRTOS/src/timers.o
 .progmem.gcc_sw_table.__vector_39
                0x000000f8       0xa2 ../drivers\libIotLibrary.a(twi.o)
                0x0000019a                . = ALIGN (0x2)
                0x0000019a                __trampolines_start = .
 *(.trampolines)
 .trampolines   0x0000019a        0x0 linker stubs
 *(.trampolines*)
                0x0000019a                __trampolines_end = .
 *libprintf_flt.a:*(.progmem.data)
 *libc.a:*(.progmem.data)
 *(.progmem*)
                0x0000019a                . = ALIGN (0x2)
 *(.jumptables)
 *(.jumptables*)
 *(.lowtext)
 .lowtext       0x0000019a       0x14 FreeRTOS/src/tasks.o
 .lowtext       0x000001ae       0x1e FreeRTOS/src/timers.o
 *(.lowtext*)
                0x000001cc                __ctors_start = .
 *(.ctors)
                0x000001cc                __ctors_end = .
                0x000001cc                __dtors_start = .
 *(.dtors)
                0x000001cc                __dtors_end = .
 SORT(*)(.ctors)
 SORT(*)(.dtors)
 *(.init0)
 .init0         0x000001cc        0x0 C:/Program Files (x86)/Atmel/Studio/7.0/Packs/atmel/ATmega_DFP/1.6.364/gcc/dev/atmega2560/avr6/crtatmega2560.o
                0x000001cc                __init
 *(.init0)
 *(.init1)
 *(.init1)
 *(.init2)
 .init2         0x000001cc       0x10 C:/Program Files (x86)/Atmel/Studio/7.0/Packs/atmel/ATmega_DFP/1.6.364/gcc/dev/atmega2560/avr6/crtatmega2560.o
 *(.init2)
 *(.init3)
 *(.init3)
 *(.init4)
 .init4         0x000001dc       0x1a c:/program files (x86)/atmel/studio/7.0/toolchain/avr8/avr8-gnu-toolchain/bin/../lib/gcc/avr/5.4.0/avr6\libgcc.a(_copy_data.o)
                0x000001dc                __do_copy_data
 .init4         0x000001f6       0x10 c:/program files (x86)/atmel/studio/7.0/toolchain/avr8/avr8-gnu-toolchain/bin/../lib/gcc/avr/5.4.0/avr6\libgcc.a(_clear_bss.o)
                0x000001f6                __do_clear_bss
 *(.init4)
 *(.init5)
 *(.init5)
 *(.init6)
 *(.init6)
 *(.init7)
 *(.init7)
 *(.init8)
 *(.init8)
 *(.init9)
 .init9         0x00000206        0x8 C:/Program Files (x86)/Atmel/Studio/7.0/Packs/atmel/ATmega_DFP/1.6.364/gcc/dev/atmega2560/avr6/crtatmega2560.o
 *(.init9)
 *(.text)
 .text          0x0000020e        0x2 C:/Program Files (x86)/Atmel/Studio/7.0/Packs/atmel/ATmega_DFP/1.6.364/gcc/dev/atmega2560/avr6/crtatmega2560.o
                0x0000020e                __vector_38
                0x0000020e                __vector_22
                0x0000020e                __vector_28
                0x0000020e                __vector_1
                0x0000020e                __vector_32
                0x0000020e                __vector_34
                0x0000020e                __vector_24
                0x0000020e                __vector_46
                0x0000020e                __bad_interrupt
                0x0000020e                __vector_6
                0x0000020e                __vector_31
                0x0000020e                __vector_35
                0x0000020e                __vector_3
                0x0000020e                __vector_23
                0x0000020e                __vector_30
                0x0000020e                __vector_45
                0x0000020e                __vector_11
                0x0000020e                __vector_13
                0x0000020e                __vector_17
                0x0000020e                __vector_19
                0x0000020e                __vector_56
                0x0000020e                __vector_7
                0x0000020e                __vector_49
                0x0000020e                __vector_41
                0x0000020e                __vector_43
                0x0000020e                __vector_27
                0x0000020e                __vector_5
                0x0000020e                __vector_33
                0x0000020e                __vector_47
                0x0000020e                __vector_4
                0x0000020e                __vector_44
                0x0000020e                __vector_9
                0x0000020e                __vector_2
                0x0000020e                __vector_21
                0x0000020e                __vector_15
                0x0000020e                __vector_29
                0x0000020e                __vector_40
                0x0000020e                __vector_8
                0x0000020e                __vector_48
                0x0000020e                __vector_14
                0x0000020e                __vector_53
                0x0000020e                __vector_10
                0x0000020e                __vector_50
                0x0000020e                __vector_16
                0x0000020e                __vector_18
                0x0000020e                __vector_20
                0x0000020e                __vector_42
                0x00000210                . = ALIGN (0x2)
 *(.text.*)
 .text.co2Task  0x00000210       0x3a co2.o
                0x00000210                co2Task
 .text.co2Callback
                0x0000024a       0x58 co2.o
                0x0000024a                co2Callback
 .text.prvHeapInit
                0x000002a2       0x52 FreeRTOS/src/heap_4.o
 .text.prvInsertBlockIntoFreeList
                0x000002f4       0x94 FreeRTOS/src/heap_4.o
 .text.pvPortMalloc
                0x00000388      0x152 FreeRTOS/src/heap_4.o
                0x00000388                pvPortMalloc
 .text.vPortFree
                0x000004da       0x7a FreeRTOS/src/heap_4.o
                0x000004da                vPortFree
 .text.vListInitialise
                0x00000554       0x22 FreeRTOS/src/list.o
                0x00000554                vListInitialise
 .text.vListInitialiseItem
                0x00000576        0x8 FreeRTOS/src/list.o
                0x00000576                vListInitialiseItem
 .text.vListInsert
                0x0000057e       0x7a FreeRTOS/src/list.o
                0x0000057e                vListInsert
 .text.uxListRemove
                0x000005f8       0x4e FreeRTOS/src/list.o
                0x000005f8                uxListRemove
 .text.prvSetupTimerInterrupt
                0x00000646       0x18 FreeRTOS/src/port.o
 .text.pxPortInitialiseStack
                0x0000065e       0x2e FreeRTOS/src/port.o
                0x0000065e                pxPortInitialiseStack
 .text.xPortStartScheduler
                0x0000068c       0x64 FreeRTOS/src/port.o
                0x0000068c                xPortStartScheduler
 .text.vPortYield
                0x000006f0       0xc2 FreeRTOS/src/port.o
                0x000006f0                vPortYield
 .text.vPortYieldFromTick
                0x000007b2       0xca FreeRTOS/src/port.o
                0x000007b2                vPortYieldFromTick
 .text.__vector_12
                0x0000087c        0x4 FreeRTOS/src/port.o
                0x0000087c                __vector_12
 .text.prvGetDisinheritPriorityAfterTimeout
                0x00000880       0x20 FreeRTOS/src/queue.o
 .text.prvIsQueueEmpty
                0x000008a0       0x1a FreeRTOS/src/queue.o
 .text.prvIsQueueFull
                0x000008ba       0x1c FreeRTOS/src/queue.o
 .text.prvCopyDataToQueue
                0x000008d6       0xbe FreeRTOS/src/queue.o
 .text.prvCopyDataFromQueue
                0x00000994       0x34 FreeRTOS/src/queue.o
 .text.prvUnlockQueue
                0x000009c8       0x68 FreeRTOS/src/queue.o
 .text.xQueueGenericReset
                0x00000a30       0x86 FreeRTOS/src/queue.o
                0x00000a30                xQueueGenericReset
 .text.prvInitialiseNewQueue
                0x00000ab6       0x24 FreeRTOS/src/queue.o
 .text.xQueueGenericCreate
                0x00000ada       0x46 FreeRTOS/src/queue.o
                0x00000ada                xQueueGenericCreate
 .text.xQueueGenericSend
                0x00000b20      0x124 FreeRTOS/src/queue.o
                0x00000b20                xQueueGenericSend
 .text.prvInitialiseMutex
                0x00000c44       0x24 FreeRTOS/src/queue.o
 .text.xQueueCreateMutex
                0x00000c68       0x18 FreeRTOS/src/queue.o
                0x00000c68                xQueueCreateMutex
 .text.xQueueGenericSendFromISR
                0x00000c80       0x76 FreeRTOS/src/queue.o
                0x00000c80                xQueueGenericSendFromISR
 .text.xQueueReceive
                0x00000cf6      0x11e FreeRTOS/src/queue.o
                0x00000cf6                xQueueReceive
 .text.xQueueSemaphoreTake
                0x00000e14      0x162 FreeRTOS/src/queue.o
                0x00000e14                xQueueSemaphoreTake
 .text.vQueueWaitForMessageRestricted
                0x00000f76       0x38 FreeRTOS/src/queue.o
                0x00000f76                vQueueWaitForMessageRestricted
 .text.prvBytesInBuffer
                0x00000fae       0x26 FreeRTOS/src/stream_buffer.o
 .text.prvInitialiseNewStreamBuffer
                0x00000fd4       0x20 FreeRTOS/src/stream_buffer.o
 .text.prvWriteBytesToBuffer
                0x00000ff4       0x92 FreeRTOS/src/stream_buffer.o
 .text.prvWriteMessageToBuffer
                0x00001086       0x86 FreeRTOS/src/stream_buffer.o
 .text.prvReadBytesFromBuffer
                0x0000110c       0x9e FreeRTOS/src/stream_buffer.o
 .text.prvReadMessageFromBuffer
                0x000011aa       0x8a FreeRTOS/src/stream_buffer.o
 .text.xStreamBufferGenericCreate
                0x00001234       0x64 FreeRTOS/src/stream_buffer.o
                0x00001234                xStreamBufferGenericCreate
 .text.xStreamBufferReset
                0x00001298       0x3c FreeRTOS/src/stream_buffer.o
                0x00001298                xStreamBufferReset
 .text.xStreamBufferSpacesAvailable
                0x000012d4       0x24 FreeRTOS/src/stream_buffer.o
                0x000012d4                xStreamBufferSpacesAvailable
 .text.xStreamBufferSend
                0x000012f8      0x186 FreeRTOS/src/stream_buffer.o
                0x000012f8                xStreamBufferSend
 .text.xStreamBufferSendFromISR
                0x0000147e       0x88 FreeRTOS/src/stream_buffer.o
                0x0000147e                xStreamBufferSendFromISR
 .text.xStreamBufferReceive
                0x00001506      0x104 FreeRTOS/src/stream_buffer.o
                0x00001506                xStreamBufferReceive
 .text.prvResetNextTaskUnblockTime
                0x0000160a       0x4e FreeRTOS/src/tasks.o
 .text.prvDeleteTCB
                0x00001658       0x1a FreeRTOS/src/tasks.o
 .text.prvInitialiseNewTask
                0x00001672       0xfc FreeRTOS/src/tasks.o
 .text.prvInitialiseTaskLists
                0x0000176e       0x60 FreeRTOS/src/tasks.o
 .text.prvAddNewTaskToReadyList
                0x000017ce       0xde FreeRTOS/src/tasks.o
 .text.prvCheckTasksWaitingTermination
                0x000018ac       0x4a FreeRTOS/src/tasks.o
 .text.prvAddCurrentTaskToDelayedList
                0x000018f6      0x144 FreeRTOS/src/tasks.o
 .text.xTaskCreate
                0x00001a3a       0x98 FreeRTOS/src/tasks.o
                0x00001a3a                xTaskCreate
 .text.vTaskStartScheduler
                0x00001ad2       0x70 FreeRTOS/src/tasks.o
                0x00001ad2                vTaskStartScheduler
 .text.vTaskSuspendAll
                0x00001b42        0xc FreeRTOS/src/tasks.o
                0x00001b42                vTaskSuspendAll
 .text.xTaskGetTickCount
                0x00001b4e       0x1c FreeRTOS/src/tasks.o
                0x00001b4e                xTaskGetTickCount
 .text.xTaskIncrementTick
                0x00001b6a      0x258 FreeRTOS/src/tasks.o
                0x00001b6a                xTaskIncrementTick
 .text.xTaskResumeAll
                0x00001dc2      0x1b8 FreeRTOS/src/tasks.o
                0x00001dc2                xTaskResumeAll
 .text.vTaskDelay
                0x00001f7a       0x36 FreeRTOS/src/tasks.o
                0x00001f7a                vTaskDelay
 .text.vTaskSwitchContext
                0x00001fb0       0xca FreeRTOS/src/tasks.o
                0x00001fb0                vTaskSwitchContext
 .text.vTaskPlaceOnEventList
                0x0000207a       0x2e FreeRTOS/src/tasks.o
                0x0000207a                vTaskPlaceOnEventList
 .text.vTaskPlaceOnEventListRestricted
                0x000020a8       0x84 FreeRTOS/src/tasks.o
                0x000020a8                vTaskPlaceOnEventListRestricted
 .text.xTaskRemoveFromEventList
                0x0000212c      0x15e FreeRTOS/src/tasks.o
                0x0000212c                xTaskRemoveFromEventList
 .text.vTaskSetTimeOutState
                0x0000228a       0x2c FreeRTOS/src/tasks.o
                0x0000228a                vTaskSetTimeOutState
 .text.vTaskInternalSetTimeOutState
                0x000022b6       0x22 FreeRTOS/src/tasks.o
                0x000022b6                vTaskInternalSetTimeOutState
 .text.xTaskCheckForTimeOut
                0x000022d8       0xcc FreeRTOS/src/tasks.o
                0x000022d8                xTaskCheckForTimeOut
 .text.vTaskMissedYield
                0x000023a4        0x8 FreeRTOS/src/tasks.o
                0x000023a4                vTaskMissedYield
 .text.xTaskGetCurrentTaskHandle
                0x000023ac        0xa FreeRTOS/src/tasks.o
                0x000023ac                xTaskGetCurrentTaskHandle
 .text.xTaskGetSchedulerState
                0x000023b6       0x1c FreeRTOS/src/tasks.o
                0x000023b6                xTaskGetSchedulerState
 .text.xTaskPriorityInherit
                0x000023d2      0x10e FreeRTOS/src/tasks.o
                0x000023d2                xTaskPriorityInherit
 .text.xTaskPriorityDisinherit
                0x000024e0       0xb6 FreeRTOS/src/tasks.o
                0x000024e0                xTaskPriorityDisinherit
 .text.vTaskPriorityDisinheritAfterTimeout
                0x00002596       0xce FreeRTOS/src/tasks.o
                0x00002596                vTaskPriorityDisinheritAfterTimeout
 .text.pvTaskIncrementMutexHeldCount
                0x00002664       0x24 FreeRTOS/src/tasks.o
                0x00002664                pvTaskIncrementMutexHeldCount
 .text.xTaskGenericNotifyWait
                0x00002688      0x14e FreeRTOS/src/tasks.o
                0x00002688                xTaskGenericNotifyWait
 .text.xTaskGenericNotify
                0x000027d6      0x1ee FreeRTOS/src/tasks.o
                0x000027d6                xTaskGenericNotify
 .text.xTaskGenericNotifyFromISR
                0x000029c4      0x244 FreeRTOS/src/tasks.o
                0x000029c4                xTaskGenericNotifyFromISR
 .text.xTaskGenericNotifyStateClear
                0x00002c08       0x34 FreeRTOS/src/tasks.o
                0x00002c08                xTaskGenericNotifyStateClear
 .text.prvGetNextExpireTime
                0x00002c3c       0x30 FreeRTOS/src/timers.o
 .text.prvInsertTimerInActiveList
                0x00002c6c       0x92 FreeRTOS/src/timers.o
 .text.prvCheckForValidListAndQueue
                0x00002cfe       0x52 FreeRTOS/src/timers.o
 .text.xTimerCreateTimerTask
                0x00002d50       0x42 FreeRTOS/src/timers.o
                0x00002d50                xTimerCreateTimerTask
 .text.xTimerGenericCommand
                0x00002d92       0xbc FreeRTOS/src/timers.o
                0x00002d92                xTimerGenericCommand
 .text.prvSwitchTimerLists
                0x00002e4e       0xd0 FreeRTOS/src/timers.o
 .text.prvSampleTimeNow
                0x00002f1e       0x5c FreeRTOS/src/timers.o
 .text.prvProcessExpiredTimer
                0x00002f7a       0xac FreeRTOS/src/timers.o
 .text.prvProcessTimerOrBlockTask
                0x00003026       0xae FreeRTOS/src/timers.o
 .text.prvProcessReceivedCommands
                0x000030d4      0x168 FreeRTOS/src/timers.o
 .text.vApplicationIdleHook
                0x0000323c        0x2 FreeRTOS/src/variantHooks.o
                0x0000323c                vApplicationIdleHook
 .text.prvSetMainLedOn
                0x0000323e        0xe FreeRTOS/src/variantHooks.o
                0x0000323e                prvSetMainLedOn
 .text.prvBlinkMainLed
                0x0000324c        0x8 FreeRTOS/src/variantHooks.o
                0x0000324c                prvBlinkMainLed
 .text.vApplicationMallocFailedHook
                0x00003254       0x18 FreeRTOS/src/variantHooks.o
                0x00003254                vApplicationMallocFailedHook
 .text.vApplicationStackOverflowHook
                0x0000326c       0x18 FreeRTOS/src/variantHooks.o
                0x0000326c                vApplicationStackOverflowHook
 .text.tempAndHumidityTask
                0x00003284      0x116 tempAndHum.o
                0x00003284                tempAndHumidityTask
 .text.lightTask
                0x0000339a       0x3a light.o
                0x0000339a                lightTask
 .text.lightCallback
                0x000033d4       0xe2 light.o
                0x000033d4                lightCallback
 .text._lora_setup
                0x000034b6      0x180 LoRaWANHandler.o
 .text.lora_handler_task
                0x00003636      0x188 LoRaWANHandler.o
                0x00003636                lora_handler_task
 .text.initialiseSystem
                0x000037be       0xe6 main.o
                0x000037be                initialiseSystem
 .text.main     0x000038a4       0x8a main.o
                0x000038a4                main
 .text.avr-libc.fplib
                0x0000392e       0x58 c:/program files (x86)/atmel/studio/7.0/toolchain/avr8/avr8-gnu-toolchain/bin/../lib/gcc/avr/5.4.0/../../../../avr/lib/avr6\libm.a(fixunssfsi.o)
                0x0000392e                __fixunssfsi
 .text.avr-libc.fplib
                0x00003986       0x44 c:/program files (x86)/atmel/studio/7.0/toolchain/avr8/avr8-gnu-toolchain/bin/../lib/gcc/avr/5.4.0/../../../../avr/lib/avr6\libm.a(fp_split3.o)
                0x00003986                __fp_split3
                0x00003996                __fp_splitA
 .text.avr-libc.fplib
                0x000039ca        0xe c:/program files (x86)/atmel/studio/7.0/toolchain/avr8/avr8-gnu-toolchain/bin/../lib/gcc/avr/5.4.0/../../../../avr/lib/avr6\libm.a(fp_zero.o)
                0x000039ca                __fp_zero
                0x000039cc                __fp_szero
 .text._hihTwiCallback
                0x000039d8       0x5a ../drivers\libIotLibrary.a(hih8120.o)
 .text.hih8120_initialise
                0x00003a32       0x30 ../drivers\libIotLibrary.a(hih8120.o)
                0x00003a32                hih8120_initialise
 .text.hih8120_wakeup
                0x00003a62       0x2a ../drivers\libIotLibrary.a(hih8120.o)
                0x00003a62                hih8120_wakeup
 .text.hih8120_measure
                0x00003a8c       0x22 ../drivers\libIotLibrary.a(hih8120.o)
                0x00003a8c                hih8120_measure
 .text.hih8120_getHumidity
                0x00003aae       0x2a ../drivers\libIotLibrary.a(hih8120.o)
                0x00003aae                hih8120_getHumidity
 .text.hih8120_getHumidityPercent_x10
                0x00003ad8       0x14 ../drivers\libIotLibrary.a(hih8120.o)
                0x00003ad8                hih8120_getHumidityPercent_x10
 .text.hih8120_getTemperature
                0x00003aec       0x36 ../drivers\libIotLibrary.a(hih8120.o)
                0x00003aec                hih8120_getTemperature
 .text.hih8120_getTemperature_x10
                0x00003b22       0x16 ../drivers\libIotLibrary.a(hih8120.o)
                0x00003b22                hih8120_getTemperature_x10
 .text._serialCallBack
                0x00003b38       0x8c ../drivers\libIotLibrary.a(lora_driver.o)
 .text._uploadMessage
                0x00003bc4       0xb4 ../drivers\libIotLibrary.a(lora_driver.o)
 .text._reply2ReturnCode
                0x00003c78       0xea ../drivers\libIotLibrary.a(lora_driver.o)
 .text._uploadMessageRc
                0x00003d62        0x6 ../drivers\libIotLibrary.a(lora_driver.o)
 .text.lora_driver_flushBuffers
                0x00003d68        0xe ../drivers\libIotLibrary.a(lora_driver.o)
                0x00003d68                lora_driver_flushBuffers
 .text.lora_driver_initialise
                0x00003d76       0x80 ../drivers\libIotLibrary.a(lora_driver.o)
                0x00003d76                lora_driver_initialise
 .text.lora_driver_resetRn2483
                0x00003df6       0x1c ../drivers\libIotLibrary.a(lora_driver.o)
                0x00003df6                lora_driver_resetRn2483
 .text.lora_driver_rn2483FactoryReset
                0x00003e12       0x24 ../drivers\libIotLibrary.a(lora_driver.o)
                0x00003e12                lora_driver_rn2483FactoryReset
 .text.lora_driver_getRn2483Hweui
                0x00003e36       0x38 ../drivers\libIotLibrary.a(lora_driver.o)
                0x00003e36                lora_driver_getRn2483Hweui
 .text.lora_driver_setDeviceIdentifier
                0x00003e6e       0x22 ../drivers\libIotLibrary.a(lora_driver.o)
                0x00003e6e                lora_driver_setDeviceIdentifier
 .text.lora_driver_setApplicationIdentifier
                0x00003e90       0x22 ../drivers\libIotLibrary.a(lora_driver.o)
                0x00003e90                lora_driver_setApplicationIdentifier
 .text.lora_driver_setApplicationKey
                0x00003eb2       0x22 ../drivers\libIotLibrary.a(lora_driver.o)
                0x00003eb2                lora_driver_setApplicationKey
 .text.lora_driver_saveMac
                0x00003ed4        0xc ../drivers\libIotLibrary.a(lora_driver.o)
                0x00003ed4                lora_driver_saveMac
 .text.lora_driver_join
                0x00003ee0       0x52 ../drivers\libIotLibrary.a(lora_driver.o)
                0x00003ee0                lora_driver_join
 .text.lora_driver_sendUploadMessage
                0x00003f32      0x196 ../drivers\libIotLibrary.a(lora_driver.o)
                0x00003f32                lora_driver_sendUploadMessage
 .text.lora_driver_setAdaptiveDataRate
                0x000040c8       0x16 ../drivers\libIotLibrary.a(lora_driver.o)
                0x000040c8                lora_driver_setAdaptiveDataRate
 .text.lora_driver_setReceiveDelay
                0x000040de       0x30 ../drivers\libIotLibrary.a(lora_driver.o)
                0x000040de                lora_driver_setReceiveDelay
 .text.lora_driver_configureToEu868
                0x0000410e      0x1bc ../drivers\libIotLibrary.a(lora_driver.o)
                0x0000410e                lora_driver_configureToEu868
 .text.lora_driver_setOtaaIdentity
                0x000042ca       0x42 ../drivers\libIotLibrary.a(lora_driver.o)
                0x000042ca                lora_driver_setOtaaIdentity
 .text.lora_driver_mapReturnCodeToText
                0x0000430c       0x18 ../drivers\libIotLibrary.a(lora_driver.o)
                0x0000430c                lora_driver_mapReturnCodeToText
 .text.decode_port_no
                0x00004324       0x58 ../drivers\libIotLibrary.a(lora_driver_utils.o)
                0x00004324                decode_port_no
 .text.decode_hexadecimal_string_bytes
                0x0000437c       0x92 ../drivers\libIotLibrary.a(lora_driver_utils.o)
                0x0000437c                decode_hexadecimal_string_bytes
 .text._serialCallBack
                0x0000440e       0xb6 ../drivers\libIotLibrary.a(mh_z19.o)
 .text.mh_z19_initialise
                0x000044c4       0x4a ../drivers\libIotLibrary.a(mh_z19.o)
                0x000044c4                mh_z19_initialise
 .text.mh_z19_injectCallBack
                0x0000450e        0xa ../drivers\libIotLibrary.a(mh_z19.o)
                0x0000450e                mh_z19_injectCallBack
 .text.mh_z19_takeMeassuring
                0x00004518       0x5e ../drivers\libIotLibrary.a(mh_z19.o)
                0x00004518                mh_z19_takeMeassuring
 .text.rc_servo_setPosition
                0x00004576       0x30 ../drivers\libIotLibrary.a(rc_servo.o)
                0x00004576                rc_servo_setPosition
 .text.rc_servo_initialise
                0x000045a6       0x38 ../drivers\libIotLibrary.a(rc_servo.o)
                0x000045a6                rc_servo_initialise
 .text.serial_create
                0x000045de      0x14a ../drivers\libIotLibrary.a(serial.o)
                0x000045de                serial_create
 .text.serial_sendByte
                0x00004728       0x56 ../drivers\libIotLibrary.a(serial.o)
                0x00004728                serial_sendByte
 .text.serial_sendBytes
                0x0000477e       0xaa ../drivers\libIotLibrary.a(serial.o)
                0x0000477e                serial_sendBytes
 .text.serial_getByte
                0x00004828       0x40 ../drivers\libIotLibrary.a(serial.o)
                0x00004828                serial_getByte
 .text.__vector_25
                0x00004868       0xa4 ../drivers\libIotLibrary.a(serial.o)
                0x00004868                __vector_25
 .text.__vector_26
                0x0000490c       0x88 ../drivers\libIotLibrary.a(serial.o)
                0x0000490c                __vector_26
 .text.__vector_36
                0x00004994       0xa4 ../drivers\libIotLibrary.a(serial.o)
                0x00004994                __vector_36
 .text.__vector_37
                0x00004a38       0x88 ../drivers\libIotLibrary.a(serial.o)
                0x00004a38                __vector_37
 .text.__vector_51
                0x00004ac0       0xa4 ../drivers\libIotLibrary.a(serial.o)
                0x00004ac0                __vector_51
 .text.__vector_52
                0x00004b64       0x88 ../drivers\libIotLibrary.a(serial.o)
                0x00004b64                __vector_52
 .text.__vector_54
                0x00004bec       0xa4 ../drivers\libIotLibrary.a(serial.o)
                0x00004bec                __vector_54
 .text.__vector_55
                0x00004c90       0x88 ../drivers\libIotLibrary.a(serial.o)
                0x00004c90                __vector_55
 .text.usart_getchar
                0x00004d18       0x2a ../drivers\libIotLibrary.a(stdio_driver.o)
 .text.usart_putchar
                0x00004d42       0x12 ../drivers\libIotLibrary.a(stdio_driver.o)
 .text.stdio_initialise
                0x00004d54       0x52 ../drivers\libIotLibrary.a(stdio_driver.o)
                0x00004d54                stdio_initialise
 .text._turn_off
                0x00004da6       0x98 ../drivers\libIotLibrary.a(status_leds.o)
 .text._turn_on
                0x00004e3e       0x98 ../drivers\libIotLibrary.a(status_leds.o)
 .text._hal_led_task
                0x00004ed6       0x8c ../drivers\libIotLibrary.a(status_leds.o)
 .text.status_leds_initialise
                0x00004f62       0x9c ../drivers\libIotLibrary.a(status_leds.o)
                0x00004f62                status_leds_initialise
 .text.status_leds_slowBlink
                0x00004ffe       0x46 ../drivers\libIotLibrary.a(status_leds.o)
                0x00004ffe                status_leds_slowBlink
 .text._callBack
                0x00005044       0x10 ../drivers\libIotLibrary.a(tsl2591.o)
 .text._tsl2591TwiCallback
                0x00005054       0x88 ../drivers\libIotLibrary.a(tsl2591.o)
 .text._twiTransmit
                0x000050dc       0x26 ../drivers\libIotLibrary.a(tsl2591.o)
 .text.tsl2591_initialise
                0x00005102       0x36 ../drivers\libIotLibrary.a(tsl2591.o)
                0x00005102                tsl2591_initialise
 .text.tsl2591_enable
                0x00005138       0x2a ../drivers\libIotLibrary.a(tsl2591.o)
                0x00005138                tsl2591_enable
 .text.tsl2591_fetchData
                0x00005162       0x24 ../drivers\libIotLibrary.a(tsl2591.o)
                0x00005162                tsl2591_fetchData
 .text.tsl2591_getLux
                0x00005186      0x1b2 ../drivers\libIotLibrary.a(tsl2591.o)
                0x00005186                tsl2591_getLux
 .text._initTwiInterface
                0x00005338       0x22 ../drivers\libIotLibrary.a(twi.o)
 .text.twiCreate
                0x0000535a       0x9a ../drivers\libIotLibrary.a(twi.o)
                0x0000535a                twiCreate
 .text.twiIsBusy
                0x000053f4        0x8 ../drivers\libIotLibrary.a(twi.o)
                0x000053f4                twiIsBusy
 .text.twiTransmit
                0x000053fc       0x98 ../drivers\libIotLibrary.a(twi.o)
                0x000053fc                twiTransmit
 .text.twiReceive
                0x00005494       0x66 ../drivers\libIotLibrary.a(twi.o)
                0x00005494                twiReceive
 .text.__vector_39
                0x000054fa      0x17a ../drivers\libIotLibrary.a(twi.o)
                0x000054fa                __vector_39
 .text.fifo_init
                0x00005674       0x38 ../drivers\libIotLibrary.a(fifo.o)
                0x00005674                fifo_init
 .text.avr-libc.fplib
                0x000056ac        0xa c:/program files (x86)/atmel/studio/7.0/toolchain/avr8/avr8-gnu-toolchain/bin/../lib/gcc/avr/5.4.0/../../../../avr/lib/avr6\libm.a(addsf3.o)
                0x000056ac                __subsf3
                0x000056ae                __addsf3
 .text.avr-libc.fplib
                0x000056b6       0xc4 c:/program files (x86)/atmel/studio/7.0/toolchain/avr8/avr8-gnu-toolchain/bin/../lib/gcc/avr/5.4.0/../../../../avr/lib/avr6\libm.a(addsf3x.o)
                0x000056d0                __addsf3x
 .text.avr-libc.fplib
                0x0000577a        0x4 c:/program files (x86)/atmel/studio/7.0/toolchain/avr8/avr8-gnu-toolchain/bin/../lib/gcc/avr/5.4.0/../../../../avr/lib/avr6\libm.a(divsf3.o)
                0x0000577a                __divsf3
 .text.avr-libc.fplib
                0x0000577e       0xd2 c:/program files (x86)/atmel/studio/7.0/toolchain/avr8/avr8-gnu-toolchain/bin/../lib/gcc/avr/5.4.0/../../../../avr/lib/avr6\libm.a(divsf3x.o)
                0x00005796                __divsf3x
                0x0000579c                __divsf3_pse
 .text.avr-libc.fplib
                0x00005850        0xe c:/program files (x86)/atmel/studio/7.0/toolchain/avr8/avr8-gnu-toolchain/bin/../lib/gcc/avr/5.4.0/../../../../avr/lib/avr6\libm.a(fixsfsi.o)
                0x00005850                __fixsfsi
 .text.avr-libc.fplib
                0x0000585e       0x7a c:/program files (x86)/atmel/studio/7.0/toolchain/avr8/avr8-gnu-toolchain/bin/../lib/gcc/avr/5.4.0/../../../../avr/lib/avr6\libm.a(floatsisf.o)
                0x0000585e                __floatunsisf
                0x00005862                __floatsisf
 .text.avr-libc.fplib
                0x000058d8        0xc c:/program files (x86)/atmel/studio/7.0/toolchain/avr8/avr8-gnu-toolchain/bin/../lib/gcc/avr/5.4.0/../../../../avr/lib/avr6\libm.a(fp_inf.o)
                0x000058d8                __fp_inf
 .text.avr-libc.fplib
                0x000058e4        0x6 c:/program files (x86)/atmel/studio/7.0/toolchain/avr8/avr8-gnu-toolchain/bin/../lib/gcc/avr/5.4.0/../../../../avr/lib/avr6\libm.a(fp_nan.o)
                0x000058e4                __fp_nan
 .text.avr-libc.fplib
                0x000058ea        0xe c:/program files (x86)/atmel/studio/7.0/toolchain/avr8/avr8-gnu-toolchain/bin/../lib/gcc/avr/5.4.0/../../../../avr/lib/avr6\libm.a(fp_pscA.o)
                0x000058ea                __fp_pscA
 .text.avr-libc.fplib
                0x000058f8        0xe c:/program files (x86)/atmel/studio/7.0/toolchain/avr8/avr8-gnu-toolchain/bin/../lib/gcc/avr/5.4.0/../../../../avr/lib/avr6\libm.a(fp_pscB.o)
                0x000058f8                __fp_pscB
 .text.avr-libc.fplib
                0x00005906       0x22 c:/program files (x86)/atmel/studio/7.0/toolchain/avr8/avr8-gnu-toolchain/bin/../lib/gcc/avr/5.4.0/../../../../avr/lib/avr6\libm.a(fp_round.o)
                0x00005906                __fp_round
 .text.avr-libc.fplib
                0x00005928        0x8 c:/program files (x86)/atmel/studio/7.0/toolchain/avr8/avr8-gnu-toolchain/bin/../lib/gcc/avr/5.4.0/../../../../avr/lib/avr6\libm.a(gesf2.o)
                0x00005928                __gesf2
                0x00005928                __gtsf2
 .text.avr-libc.fplib
                0x00005930        0x4 c:/program files (x86)/atmel/studio/7.0/toolchain/avr8/avr8-gnu-toolchain/bin/../lib/gcc/avr/5.4.0/../../../../avr/lib/avr6\libm.a(mulsf3.o)
                0x00005930                __mulsf3
 .text.avr-libc.fplib
                0x00005934       0xc8 c:/program files (x86)/atmel/studio/7.0/toolchain/avr8/avr8-gnu-toolchain/bin/../lib/gcc/avr/5.4.0/../../../../avr/lib/avr6\libm.a(mulsf3x.o)
                0x0000594a                __mulsf3x
                0x00005950                __mulsf3_pse
 .text.avr-libc.fplib
                0x000059fc       0x48 c:/program files (x86)/atmel/studio/7.0/toolchain/avr8/avr8-gnu-toolchain/bin/../lib/gcc/avr/5.4.0/../../../../avr/lib/avr6\libm.a(fp_cmp.o)
                0x000059fc                __fp_cmp
 .text.libgcc.div
                0x00005a44       0x44 c:/program files (x86)/atmel/studio/7.0/toolchain/avr8/avr8-gnu-toolchain/bin/../lib/gcc/avr/5.4.0/avr6\libgcc.a(_udivmodsi4.o)
                0x00005a44                __udivmodsi4
 .text.libgcc   0x00005a88       0x10 c:/program files (x86)/atmel/studio/7.0/toolchain/avr8/avr8-gnu-toolchain/bin/../lib/gcc/avr/5.4.0/avr6\libgcc.a(_tablejump2.o)
                0x00005a88                __tablejump2__
 .text.avr-libc
                0x00005a98      0x242 c:/program files (x86)/atmel/studio/7.0/toolchain/avr8/avr8-gnu-toolchain/bin/../lib/gcc/avr/5.4.0/../../../../avr/lib/avr6\libc.a(malloc.o)
                0x00005a98                malloc
                0x00005bc8                free
 .text.avr-libc
                0x00005cda        0x8 c:/program files (x86)/atmel/studio/7.0/toolchain/avr8/avr8-gnu-toolchain/bin/../lib/gcc/avr/5.4.0/../../../../avr/lib/avr6\libc.a(abort.o)
                0x00005cda                abort
 .text.avr-libc
                0x00005ce2       0x12 c:/program files (x86)/atmel/studio/7.0/toolchain/avr8/avr8-gnu-toolchain/bin/../lib/gcc/avr/5.4.0/../../../../avr/lib/avr6\libc.a(memcpy.o)
                0x00005ce2                memcpy
 .text.avr-libc
                0x00005cf4        0xe c:/program files (x86)/atmel/studio/7.0/toolchain/avr8/avr8-gnu-toolchain/bin/../lib/gcc/avr/5.4.0/../../../../avr/lib/avr6\libc.a(memset.o)
                0x00005cf4                memset
 .text.avr-libc
                0x00005d02       0x4a c:/program files (x86)/atmel/studio/7.0/toolchain/avr8/avr8-gnu-toolchain/bin/../lib/gcc/avr/5.4.0/../../../../avr/lib/avr6\libc.a(strcasestr.o)
                0x00005d02                strcasestr
 .text.avr-libc
                0x00005d4c       0x16 c:/program files (x86)/atmel/studio/7.0/toolchain/avr8/avr8-gnu-toolchain/bin/../lib/gcc/avr/5.4.0/../../../../avr/lib/avr6\libc.a(strcat.o)
                0x00005d4c                strcat
 .text.avr-libc
                0x00005d62        0xe c:/program files (x86)/atmel/studio/7.0/toolchain/avr8/avr8-gnu-toolchain/bin/../lib/gcc/avr/5.4.0/../../../../avr/lib/avr6\libc.a(strcpy.o)
                0x00005d62                strcpy
 .text.avr-libc
                0x00005d70       0x30 c:/program files (x86)/atmel/studio/7.0/toolchain/avr8/avr8-gnu-toolchain/bin/../lib/gcc/avr/5.4.0/../../../../avr/lib/avr6\libc.a(strncasecmp.o)
                0x00005d70                strncasecmp
 .text.avr-libc
                0x00005da0       0x26 c:/program files (x86)/atmel/studio/7.0/toolchain/avr8/avr8-gnu-toolchain/bin/../lib/gcc/avr/5.4.0/../../../../avr/lib/avr6\libc.a(printf.o)
                0x00005da0                printf
 .text.avr-libc
                0x00005dc6       0x60 c:/program files (x86)/atmel/studio/7.0/toolchain/avr8/avr8-gnu-toolchain/bin/../lib/gcc/avr/5.4.0/../../../../avr/lib/avr6\libc.a(puts.o)
                0x00005dc6                puts
 .text.avr-libc
                0x00005e26       0x5c c:/program files (x86)/atmel/studio/7.0/toolchain/avr8/avr8-gnu-toolchain/bin/../lib/gcc/avr/5.4.0/../../../../avr/lib/avr6\libc.a(sprintf.o)
                0x00005e26                sprintf
 .text.avr-libc
                0x00005e82      0x3fa c:/program files (x86)/atmel/studio/7.0/toolchain/avr8/avr8-gnu-toolchain/bin/../lib/gcc/avr/5.4.0/../../../../avr/lib/avr6\libc.a(vfprintf_std.o)
                0x00005e82                vfprintf
 .text.avr-libc
                0x0000627c       0x16 c:/program files (x86)/atmel/studio/7.0/toolchain/avr8/avr8-gnu-toolchain/bin/../lib/gcc/avr/5.4.0/../../../../avr/lib/avr6\libc.a(strnlen_P.o)
                0x0000627c                strnlen_P
 .text.avr-libc
                0x00006292       0x16 c:/program files (x86)/atmel/studio/7.0/toolchain/avr8/avr8-gnu-toolchain/bin/../lib/gcc/avr/5.4.0/../../../../avr/lib/avr6\libc.a(strnlen.o)
                0x00006292                strnlen
 .text.avr-libc
                0x000062a8       0x78 c:/program files (x86)/atmel/studio/7.0/toolchain/avr8/avr8-gnu-toolchain/bin/../lib/gcc/avr/5.4.0/../../../../avr/lib/avr6\libc.a(fputc.o)
                0x000062a8                fputc
 .text.avr-libc
                0x00006320       0xbc c:/program files (x86)/atmel/studio/7.0/toolchain/avr8/avr8-gnu-toolchain/bin/../lib/gcc/avr/5.4.0/../../../../avr/lib/avr6\libc.a(ultoa_invert.o)
                0x00006320                __ultoa_invert
                0x000063dc                . = ALIGN (0x2)
 *(.fini9)
 .fini9         0x000063dc        0x0 c:/program files (x86)/atmel/studio/7.0/toolchain/avr8/avr8-gnu-toolchain/bin/../lib/gcc/avr/5.4.0/avr6\libgcc.a(_exit.o)
                0x000063dc                _exit
                0x000063dc                exit
 *(.fini9)
 *(.fini8)
 *(.fini8)
 *(.fini7)
 *(.fini7)
 *(.fini6)
 *(.fini6)
 *(.fini5)
 *(.fini5)
 *(.fini4)
 *(.fini4)
 *(.fini3)
 *(.fini3)
 *(.fini2)
 *(.fini2)
 *(.fini1)
 *(.fini1)
 *(.fini0)
 .fini0         0x000063dc        0x4 c:/program files (x86)/atmel/studio/7.0/toolchain/avr8/avr8-gnu-toolchain/bin/../lib/gcc/avr/5.4.0/avr6\libgcc.a(_exit.o)
 *(.fini0)
                0x000063e0                _etext = .

.data           0x00800200      0x716 load address 0x000063e0
                0x00800200                PROVIDE (__data_start, .)
 *(.data)
 .data          0x00800200        0x6 c:/program files (x86)/atmel/studio/7.0/toolchain/avr8/avr8-gnu-toolchain/bin/../lib/gcc/avr/5.4.0/../../../../avr/lib/avr6\libc.a(malloc.o)
                0x00800200                __malloc_heap_end
                0x00800202                __malloc_heap_start
                0x00800204                __malloc_margin
 *(.data*)
 .data.uxTopUsedPriority
                0x00800206        0x1 FreeRTOS/src/tasks.o
                0x00800206                uxTopUsedPriority
 .data._temp    0x00800207        0x2 ../drivers\libIotLibrary.a(hih8120.o)
 .data._hum     0x00800209        0x2 ../drivers\libIotLibrary.a(hih8120.o)
 .data._com_port_2_udr
                0x0080020b        0x8 ../drivers\libIotLibrary.a(serial.o)
                0x0080020b                _com_port_2_udr
 .data.mystdout.1882
                0x00800213        0xe ../drivers\libIotLibrary.a(stdio_driver.o)
 .data._twiCurrentState
                0x00800221        0x1 ../drivers\libIotLibrary.a(twi.o)
 *(.gnu.linkonce.d*)
 *(.rodata)
 .rodata        0x00800222       0x20 ../drivers\libIotLibrary.a(lora_driver.o)
 .rodata        0x00800242       0x2d ../drivers\libIotLibrary.a(mh_z19.o)
 *(.rodata*)
 .rodata.str1.1
                0x0080026f       0x28 co2.o
 .rodata.str1.1
                0x00800297        0x5 FreeRTOS/src/tasks.o
 .rodata.str1.1
                0x0080029c        0x8 FreeRTOS/src/timers.o
 .rodata.str1.1
                0x008002a4       0x8f tempAndHum.o
 .rodata.str1.1
                0x00800333       0x60 light.o
 .rodata.str1.1
                0x00800393      0x1b9 LoRaWANHandler.o
 .rodata.str1.1
                0x0080054c       0xf6 main.o
 .rodata.str1.1
                0x00800642      0x295 ../drivers\libIotLibrary.a(lora_driver.o)
                                0x2a5 (size before relaxing)
 .rodata._joinMode
                0x008008d7        0x4 ../drivers\libIotLibrary.a(lora_driver.o)
 .rodata._returnCode
                0x008008db       0x33 ../drivers\libIotLibrary.a(lora_driver.o)
                0x008008db                _returnCode
 .rodata.str1.1
                0x0080090e        0x8 ../drivers\libIotLibrary.a(status_leds.o)
 *(.gnu.linkonce.r*)
                0x00800916                . = ALIGN (0x2)
                0x00800916                _edata = .
                0x00800916                PROVIDE (__data_end, .)

.bss            0x00800916      0xc3c
                0x00800916                PROVIDE (__bss_start, .)
 *(.bss)
 *(.bss*)
 .bss.xBlockAllocatedBit
                0x00800916        0x2 FreeRTOS/src/heap_4.o
 .bss.xNumberOfSuccessfulFrees
                0x00800918        0x2 FreeRTOS/src/heap_4.o
 .bss.xNumberOfSuccessfulAllocations
                0x0080091a        0x2 FreeRTOS/src/heap_4.o
 .bss.xMinimumEverFreeBytesRemaining
                0x0080091c        0x2 FreeRTOS/src/heap_4.o
 .bss.xFreeBytesRemaining
                0x0080091e        0x2 FreeRTOS/src/heap_4.o
 .bss.pxEnd     0x00800920        0x2 FreeRTOS/src/heap_4.o
 .bss.xStart    0x00800922        0x4 FreeRTOS/src/heap_4.o
 .bss.ucHeap    0x00800926      0x9c4 FreeRTOS/src/heap_4.o
 .bss.uxSchedulerSuspended
                0x008012ea        0x1 FreeRTOS/src/tasks.o
 .bss.xIdleTaskHandle
                0x008012eb        0x2 FreeRTOS/src/tasks.o
 .bss.xNextTaskUnblockTime
                0x008012ed        0x4 FreeRTOS/src/tasks.o
 .bss.uxTaskNumber
                0x008012f1        0x1 FreeRTOS/src/tasks.o
 .bss.xNumOfOverflows
                0x008012f2        0x1 FreeRTOS/src/tasks.o
 .bss.xYieldPending
                0x008012f3        0x1 FreeRTOS/src/tasks.o
 .bss.xPendedTicks
                0x008012f4        0x4 FreeRTOS/src/tasks.o
 .bss.xSchedulerRunning
                0x008012f8        0x1 FreeRTOS/src/tasks.o
 .bss.uxTopReadyPriority
                0x008012f9        0x1 FreeRTOS/src/tasks.o
 .bss.xTickCount
                0x008012fa        0x4 FreeRTOS/src/tasks.o
 .bss.uxCurrentNumberOfTasks
                0x008012fe        0x1 FreeRTOS/src/tasks.o
 .bss.xSuspendedTaskList
                0x008012ff        0xb FreeRTOS/src/tasks.o
 .bss.uxDeletedTasksWaitingCleanUp
                0x0080130a        0x1 FreeRTOS/src/tasks.o
 .bss.xTasksWaitingTermination
                0x0080130b        0xb FreeRTOS/src/tasks.o
 .bss.xPendingReadyList
                0x00801316        0xb FreeRTOS/src/tasks.o
 .bss.pxOverflowDelayedTaskList
                0x00801321        0x2 FreeRTOS/src/tasks.o
 .bss.pxDelayedTaskList
                0x00801323        0x2 FreeRTOS/src/tasks.o
 .bss.xDelayedTaskList2
                0x00801325        0xb FreeRTOS/src/tasks.o
 .bss.xDelayedTaskList1
                0x00801330        0xb FreeRTOS/src/tasks.o
 .bss.pxReadyTasksLists
                0x0080133b       0x6e FreeRTOS/src/tasks.o
 .bss.pxCurrentTCB
                0x008013a9        0x2 FreeRTOS/src/tasks.o
                0x008013a9                pxCurrentTCB
 .bss.xLastTime.2436
                0x008013ab        0x4 FreeRTOS/src/timers.o
 .bss.xTimerTaskHandle
                0x008013af        0x2 FreeRTOS/src/timers.o
 .bss.xTimerQueue
                0x008013b1        0x2 FreeRTOS/src/timers.o
 .bss.pxOverflowTimerList
                0x008013b3        0x2 FreeRTOS/src/timers.o
 .bss.pxCurrentTimerList
                0x008013b5        0x2 FreeRTOS/src/timers.o
 .bss.xActiveTimerList2
                0x008013b7        0xb FreeRTOS/src/timers.o
 .bss.xActiveTimerList1
                0x008013c2        0xb FreeRTOS/src/timers.o
 .bss._downlink_payload
                0x008013cd       0x16 LoRaWANHandler.o
 .bss._uplink_payload
                0x008013e3       0x16 LoRaWANHandler.o
 .bss._measuringIsReady
                0x008013f9        0x1 ../drivers\libIotLibrary.a(hih8120.o)
 .bss._hih8120Handler
                0x008013fa        0x2 ../drivers\libIotLibrary.a(hih8120.o)
 .bss._tmp_buf.2871
                0x008013fc       0x37 ../drivers\libIotLibrary.a(lora_driver.o)
 .bss.rec_buf_inp.2878
                0x00801433        0x1 ../drivers\libIotLibrary.a(lora_driver.o)
 .bss._downlinkMessageBuffer
                0x00801434        0x2 ../drivers\libIotLibrary.a(lora_driver.o)
 .bss._serialReplyBufferHandle
                0x00801436        0x2 ../drivers\libIotLibrary.a(lora_driver.o)
 .bss._rn2483_serial
                0x00801438        0x2 ../drivers\libIotLibrary.a(lora_driver.o)
 .bss._downlinkPayload
                0x0080143a       0x16 ../drivers\libIotLibrary.a(lora_driver.o)
 .bss._payLoadHexBytes
                0x00801450       0x15 ../drivers\libIotLibrary.a(lora_driver.o)
 .bss._recMessageBuf
                0x00801465       0x2d ../drivers\libIotLibrary.a(lora_driver.o)
 .bss._sendMessage
                0x00801492       0x2d ../drivers\libIotLibrary.a(lora_driver.o)
 .bss._replyMess
                0x008014bf       0x2d ../drivers\libIotLibrary.a(lora_driver.o)
 .bss.data.1944
                0x008014ec        0x2 ../drivers\libIotLibrary.a(mh_z19.o)
 .bss.inDex.1943
                0x008014ee        0x1 ../drivers\libIotLibrary.a(mh_z19.o)
 .bss.crc_sum.1945
                0x008014ef        0x1 ../drivers\libIotLibrary.a(mh_z19.o)
 .bss._appCallBack
                0x008014f0        0x2 ../drivers\libIotLibrary.a(mh_z19.o)
 .bss._mh_state
                0x008014f2        0x1 ../drivers\libIotLibrary.a(mh_z19.o)
                0x008014f2                _mh_state
 .bss._ppm      0x008014f3        0x2 ../drivers\libIotLibrary.a(mh_z19.o)
 .bss._serial   0x008014f5        0x2 ../drivers\libIotLibrary.a(mh_z19.o)
 .bss._ser_handle
                0x008014f7        0x8 ../drivers\libIotLibrary.a(serial.o)
 .bss._com_serial_instance
                0x008014ff        0x2 ../drivers\libIotLibrary.a(stdio_driver.o)
 .bss._led_status
                0x00801501       0x18 ../drivers\libIotLibrary.a(status_leds.o)
 .bss._infraredRaw
                0x00801519        0x2 ../drivers\libIotLibrary.a(tsl2591.o)
 .bss._fullSpectrumRaw
                0x0080151b        0x2 ../drivers\libIotLibrary.a(tsl2591.o)
 .bss._deviceId
                0x0080151d        0x1 ../drivers\libIotLibrary.a(tsl2591.o)
 .bss._currentIntegrationTime
                0x0080151e        0x1 ../drivers\libIotLibrary.a(tsl2591.o)
 .bss._currentGain
                0x0080151f        0x1 ../drivers\libIotLibrary.a(tsl2591.o)
 .bss._nextState
                0x00801520        0x1 ../drivers\libIotLibrary.a(tsl2591.o)
 .bss._callBackFunction
                0x00801521        0x2 ../drivers\libIotLibrary.a(tsl2591.o)
 .bss._twiHandler
                0x00801523        0x2 ../drivers\libIotLibrary.a(tsl2591.o)
 .bss._index.1885
                0x00801525        0x1 ../drivers\libIotLibrary.a(twi.o)
 .bss._twiCurrentHandler
                0x00801526        0x2 ../drivers\libIotLibrary.a(twi.o)
 .bss._twiMessageLen
                0x00801528        0x1 ../drivers\libIotLibrary.a(twi.o)
 .bss._twiMessageBuffer
                0x00801529        0xa ../drivers\libIotLibrary.a(twi.o)
 .bss._twiIsInitiated
                0x00801533        0x1 ../drivers\libIotLibrary.a(twi.o)
 *(COMMON)
 COMMON         0x00801534       0x14 co2.o
                0x00801534                downlink_buffer
                0x00801536                entry_data
                0x0080153e                desired_data
                0x00801546                hardware_semaphore
 COMMON         0x00801548        0x4 c:/program files (x86)/atmel/studio/7.0/toolchain/avr8/avr8-gnu-toolchain/bin/../lib/gcc/avr/5.4.0/../../../../avr/lib/avr6\libc.a(malloc.o)
                0x00801548                __brkval
                0x0080154a                __flp
 COMMON         0x0080154c        0x6 c:/program files (x86)/atmel/studio/7.0/toolchain/avr8/avr8-gnu-toolchain/bin/../lib/gcc/avr/5.4.0/../../../../avr/lib/avr6\libc.a(iob.o)
                0x0080154c                __iob
                0x00801552                PROVIDE (__bss_end, .)
                0x000063e0                __data_load_start = LOADADDR (.data)
                0x00006af6                __data_load_end = (__data_load_start + SIZEOF (.data))

.noinit         0x00801552        0x0
                [!provide]                PROVIDE (__noinit_start, .)
 *(.noinit*)
                [!provide]                PROVIDE (__noinit_end, .)
                0x00801552                _end = .
                0x00801552                PROVIDE (__heap_start, .)

.eeprom         0x00810000        0x0
 *(.eeprom*)
                0x00810000                __eeprom_end = .

.fuse
 *(.fuse)
 *(.lfuse)
 *(.hfuse)
 *(.efuse)

.lock
 *(.lock*)

.signature
 *(.signature*)

.user_signatures
 *(.user_signatures*)

.stab
 *(.stab)

.stabstr
 *(.stabstr)

.stab.excl
 *(.stab.excl)

.stab.exclstr
 *(.stab.exclstr)

.stab.index
 *(.stab.index)

.stab.indexstr
 *(.stab.indexstr)

.comment        0x00000000       0x5c
 *(.comment)
 .comment       0x00000000       0x30 co2.o
                                 0x31 (size before relaxing)
 .comment       0x00000030       0x31 FreeRTOS/src/heap_4.o
 .comment       0x00000030       0x31 FreeRTOS/src/list.o
 .comment       0x00000030       0x31 FreeRTOS/src/port.o
 .comment       0x00000030       0x31 FreeRTOS/src/queue.o
 .comment       0x00000030       0x31 FreeRTOS/src/stream_buffer.o
 .comment       0x00000030       0x31 FreeRTOS/src/tasks.o
 .comment       0x00000030       0x31 FreeRTOS/src/timers.o
 .comment       0x00000030       0x31 FreeRTOS/src/variantHooks.o
 .comment       0x00000030       0x31 tempAndHum.o
 .comment       0x00000030       0x31 light.o
 .comment       0x00000030       0x31 LoRaWANHandler.o
 .comment       0x00000030       0x31 main.o
 .comment       0x00000030       0x31 ../drivers\libIotLibrary.a(hih8120.o)
 .comment       0x00000030       0x31 ../drivers\libIotLibrary.a(lora_driver.o)
 .comment       0x00000030       0x31 ../drivers\libIotLibrary.a(lora_driver_utils.o)
 .comment       0x00000030       0x31 ../drivers\libIotLibrary.a(mh_z19.o)
 .comment       0x00000030       0x31 ../drivers\libIotLibrary.a(rc_servo.o)
 .comment       0x00000030       0x31 ../drivers\libIotLibrary.a(serial.o)
 .comment       0x00000030       0x31 ../drivers\libIotLibrary.a(stdio_driver.o)
 .comment       0x00000030       0x31 ../drivers\libIotLibrary.a(status_leds.o)
 .comment       0x00000030       0x31 ../drivers\libIotLibrary.a(tsl2591.o)
 .comment       0x00000030       0x31 ../drivers\libIotLibrary.a(twi.o)
 .comment       0x00000030       0x31 ../drivers\libIotLibrary.a(fifo.o)
 .comment       0x00000030       0x31 c:/program files (x86)/atmel/studio/7.0/toolchain/avr8/avr8-gnu-toolchain/bin/../lib/gcc/avr/5.4.0/../../../../avr/lib/avr6\libc.a(malloc.o)
 .comment       0x00000030       0x31 c:/program files (x86)/atmel/studio/7.0/toolchain/avr8/avr8-gnu-toolchain/bin/../lib/gcc/avr/5.4.0/../../../../avr/lib/avr6\libc.a(iob.o)
 .comment       0x00000030       0x31 c:/program files (x86)/atmel/studio/7.0/toolchain/avr8/avr8-gnu-toolchain/bin/../lib/gcc/avr/5.4.0/../../../../avr/lib/avr6\libc.a(printf.o)
 .comment       0x00000030       0x31 c:/program files (x86)/atmel/studio/7.0/toolchain/avr8/avr8-gnu-toolchain/bin/../lib/gcc/avr/5.4.0/../../../../avr/lib/avr6\libc.a(puts.o)
 .comment       0x00000030       0x31 c:/program files (x86)/atmel/studio/7.0/toolchain/avr8/avr8-gnu-toolchain/bin/../lib/gcc/avr/5.4.0/../../../../avr/lib/avr6\libc.a(sprintf.o)
 .comment       0x00000030       0x2c c:/program files (x86)/atmel/studio/7.0/toolchain/avr8/avr8-gnu-toolchain/bin/../lib/gcc/avr/5.4.0/../../../../avr/lib/avr6\libc.a(vfprintf_std.o)
                                 0x2d (size before relaxing)
 .comment       0x0000005c       0x31 c:/program files (x86)/atmel/studio/7.0/toolchain/avr8/avr8-gnu-toolchain/bin/../lib/gcc/avr/5.4.0/../../../../avr/lib/avr6\libc.a(fputc.o)

.note.gnu.avr.deviceinfo
                0x00000000       0x40
 .note.gnu.avr.deviceinfo
                0x00000000       0x40 C:/Program Files (x86)/Atmel/Studio/7.0/Packs/atmel/ATmega_DFP/1.6.364/gcc/dev/atmega2560/avr6/crtatmega2560.o

.note.gnu.build-id
 *(.note.gnu.build-id)

.debug
 *(.debug)

.line
 *(.line)

.debug_srcinfo
 *(.debug_srcinfo)

.debug_sfnames
 *(.debug_sfnames)

.debug_aranges  0x00000000      0xad0
 *(.debug_aranges)
 .debug_aranges
                0x00000000       0x28 co2.o
 .debug_aranges
                0x00000028       0x58 FreeRTOS/src/heap_4.o
 .debug_aranges
                0x00000080       0x40 FreeRTOS/src/list.o
 .debug_aranges
                0x000000c0       0x58 FreeRTOS/src/port.o
 .debug_aranges
                0x00000118       0xf8 FreeRTOS/src/queue.o
 .debug_aranges
                0x00000210       0xc0 FreeRTOS/src/stream_buffer.o
 .debug_aranges
                0x000002d0      0x1d0 FreeRTOS/src/tasks.o
 .debug_aranges
                0x000004a0       0xc8 FreeRTOS/src/timers.o
 .debug_aranges
                0x00000568       0x40 FreeRTOS/src/variantHooks.o
 .debug_aranges
                0x000005a8       0x20 tempAndHum.o
 .debug_aranges
                0x000005c8       0x28 light.o
 .debug_aranges
                0x000005f0       0x28 LoRaWANHandler.o
 .debug_aranges
                0x00000618       0x28 main.o
 .debug_aranges
                0x00000640       0x68 ../drivers\libIotLibrary.a(hih8120.o)
 .debug_aranges
                0x000006a8      0x138 ../drivers\libIotLibrary.a(lora_driver.o)
 .debug_aranges
                0x000007e0       0x28 ../drivers\libIotLibrary.a(lora_driver_utils.o)
 .debug_aranges
                0x00000808       0x58 ../drivers\libIotLibrary.a(mh_z19.o)
 .debug_aranges
                0x00000860       0x28 ../drivers\libIotLibrary.a(rc_servo.o)
 .debug_aranges
                0x00000888       0x90 ../drivers\libIotLibrary.a(serial.o)
 .debug_aranges
                0x00000918       0x38 ../drivers\libIotLibrary.a(stdio_driver.o)
 .debug_aranges
                0x00000950       0x68 ../drivers\libIotLibrary.a(status_leds.o)
 .debug_aranges
                0x000009b8       0xa8 ../drivers\libIotLibrary.a(tsl2591.o)
 .debug_aranges
                0x00000a60       0x50 ../drivers\libIotLibrary.a(twi.o)
 .debug_aranges
                0x00000ab0       0x20 ../drivers\libIotLibrary.a(fifo.o)

.debug_pubnames
 *(.debug_pubnames)

.debug_info     0x00000000     0xdb98
 *(.debug_info .gnu.linkonce.wi.*)
 .debug_info    0x00000000      0xbbc C:/Program Files (x86)/Atmel/Studio/7.0/Packs/atmel/ATmega_DFP/1.6.364/gcc/dev/atmega2560/avr6/crtatmega2560.o
 .debug_info    0x00000bbc      0x341 co2.o
 .debug_info    0x00000efd      0x4e6 FreeRTOS/src/heap_4.o
 .debug_info    0x000013e3      0x2e7 FreeRTOS/src/list.o
 .debug_info    0x000016ca      0x2ff FreeRTOS/src/port.o
 .debug_info    0x000019c9     0x17e6 FreeRTOS/src/queue.o
 .debug_info    0x000031af     0x13df FreeRTOS/src/stream_buffer.o
 .debug_info    0x0000458e     0x2239 FreeRTOS/src/tasks.o
 .debug_info    0x000067c7     0x10dd FreeRTOS/src/timers.o
 .debug_info    0x000078a4      0x20f FreeRTOS/src/variantHooks.o
 .debug_info    0x00007ab3      0x430 tempAndHum.o
 .debug_info    0x00007ee3      0x44a light.o
 .debug_info    0x0000832d      0x88d LoRaWANHandler.o
 .debug_info    0x00008bba      0x62f main.o
 .debug_info    0x000091e9      0x3a9 ../drivers\libIotLibrary.a(hih8120.o)
 .debug_info    0x00009592     0x1747 ../drivers\libIotLibrary.a(lora_driver.o)
 .debug_info    0x0000acd9      0x143 ../drivers\libIotLibrary.a(lora_driver_utils.o)
 .debug_info    0x0000ae1c      0x556 ../drivers\libIotLibrary.a(mh_z19.o)
 .debug_info    0x0000b372      0x10f ../drivers\libIotLibrary.a(rc_servo.o)
 .debug_info    0x0000b481      0xd9b ../drivers\libIotLibrary.a(serial.o)
 .debug_info    0x0000c21c      0x3b6 ../drivers\libIotLibrary.a(stdio_driver.o)
 .debug_info    0x0000c5d2      0x50c ../drivers\libIotLibrary.a(status_leds.o)
 .debug_info    0x0000cade      0x99a ../drivers\libIotLibrary.a(tsl2591.o)
 .debug_info    0x0000d478      0x55d ../drivers\libIotLibrary.a(twi.o)
 .debug_info    0x0000d9d5      0x1c3 ../drivers\libIotLibrary.a(fifo.o)

.debug_abbrev   0x00000000     0x3641
 *(.debug_abbrev)
 .debug_abbrev  0x00000000      0xb1a C:/Program Files (x86)/Atmel/Studio/7.0/Packs/atmel/ATmega_DFP/1.6.364/gcc/dev/atmega2560/avr6/crtatmega2560.o
 .debug_abbrev  0x00000b1a      0x168 co2.o
 .debug_abbrev  0x00000c82      0x200 FreeRTOS/src/heap_4.o
 .debug_abbrev  0x00000e82       0xff FreeRTOS/src/list.o
 .debug_abbrev  0x00000f81      0x179 FreeRTOS/src/port.o
 .debug_abbrev  0x000010fa      0x241 FreeRTOS/src/queue.o
 .debug_abbrev  0x0000133b      0x246 FreeRTOS/src/stream_buffer.o
 .debug_abbrev  0x00001581      0x2c8 FreeRTOS/src/tasks.o
 .debug_abbrev  0x00001849      0x28c FreeRTOS/src/timers.o
 .debug_abbrev  0x00001ad5       0xff FreeRTOS/src/variantHooks.o
 .debug_abbrev  0x00001bd4      0x156 tempAndHum.o
 .debug_abbrev  0x00001d2a      0x18c light.o
 .debug_abbrev  0x00001eb6      0x19a LoRaWANHandler.o
 .debug_abbrev  0x00002050      0x15c main.o
 .debug_abbrev  0x000021ac      0x184 ../drivers\libIotLibrary.a(hih8120.o)
 .debug_abbrev  0x00002330      0x33b ../drivers\libIotLibrary.a(lora_driver.o)
 .debug_abbrev  0x0000266b       0xc0 ../drivers\libIotLibrary.a(lora_driver_utils.o)
 .debug_abbrev  0x0000272b      0x238 ../drivers\libIotLibrary.a(mh_z19.o)
 .debug_abbrev  0x00002963       0xbc ../drivers\libIotLibrary.a(rc_servo.o)
 .debug_abbrev  0x00002a1f      0x355 ../drivers\libIotLibrary.a(serial.o)
 .debug_abbrev  0x00002d74      0x1b3 ../drivers\libIotLibrary.a(stdio_driver.o)
 .debug_abbrev  0x00002f27      0x1d7 ../drivers\libIotLibrary.a(status_leds.o)
 .debug_abbrev  0x000030fe      0x244 ../drivers\libIotLibrary.a(tsl2591.o)
 .debug_abbrev  0x00003342      0x217 ../drivers\libIotLibrary.a(twi.o)
 .debug_abbrev  0x00003559       0xe8 ../drivers\libIotLibrary.a(fifo.o)

.debug_line     0x00000000     0x6be9
 *(.debug_line .debug_line.* .debug_line_end)
 .debug_line    0x00000000      0x1fa C:/Program Files (x86)/Atmel/Studio/7.0/Packs/atmel/ATmega_DFP/1.6.364/gcc/dev/atmega2560/avr6/crtatmega2560.o
 .debug_line    0x000001fa      0x170 co2.o
 .debug_line    0x0000036a      0x41f FreeRTOS/src/heap_4.o
 .debug_line    0x00000789      0x1db FreeRTOS/src/list.o
 .debug_line    0x00000964      0x28a FreeRTOS/src/port.o
 .debug_line    0x00000bee      0xbe3 FreeRTOS/src/queue.o
 .debug_line    0x000017d1      0x79a FreeRTOS/src/stream_buffer.o
 .debug_line    0x00001f6b     0x15ba FreeRTOS/src/tasks.o
 .debug_line    0x00003525      0x624 FreeRTOS/src/timers.o
 .debug_line    0x00003b49      0x1af FreeRTOS/src/variantHooks.o
 .debug_line    0x00003cf8      0x1d8 tempAndHum.o
 .debug_line    0x00003ed0      0x1c5 light.o
 .debug_line    0x00004095      0x2bd LoRaWANHandler.o
 .debug_line    0x00004352      0x30d main.o
 .debug_line    0x0000465f      0x24a ../drivers\libIotLibrary.a(hih8120.o)
 .debug_line    0x000048a9      0x9aa ../drivers\libIotLibrary.a(lora_driver.o)
 .debug_line    0x00005253      0x195 ../drivers\libIotLibrary.a(lora_driver_utils.o)
 .debug_line    0x000053e8      0x2fc ../drivers\libIotLibrary.a(mh_z19.o)
 .debug_line    0x000056e4       0xfd ../drivers\libIotLibrary.a(rc_servo.o)
 .debug_line    0x000057e1      0x6a0 ../drivers\libIotLibrary.a(serial.o)
 .debug_line    0x00005e81      0x146 ../drivers\libIotLibrary.a(stdio_driver.o)
 .debug_line    0x00005fc7      0x32c ../drivers\libIotLibrary.a(status_leds.o)
 .debug_line    0x000062f3      0x4bf ../drivers\libIotLibrary.a(tsl2591.o)
 .debug_line    0x000067b2      0x31c ../drivers\libIotLibrary.a(twi.o)
 .debug_line    0x00006ace      0x11b ../drivers\libIotLibrary.a(fifo.o)

.debug_frame    0x00000000     0x2640
 *(.debug_frame)
 .debug_frame   0x00000000       0x64 co2.o
 .debug_frame   0x00000064       0xfc FreeRTOS/src/heap_4.o
 .debug_frame   0x00000160       0x90 FreeRTOS/src/list.o
 .debug_frame   0x000001f0       0x94 FreeRTOS/src/port.o
 .debug_frame   0x00000284      0x3a4 FreeRTOS/src/queue.o
 .debug_frame   0x00000628      0x40c FreeRTOS/src/stream_buffer.o
 .debug_frame   0x00000a34      0x7a0 FreeRTOS/src/tasks.o
 .debug_frame   0x000011d4      0x3ac FreeRTOS/src/timers.o
 .debug_frame   0x00001580       0x64 FreeRTOS/src/variantHooks.o
 .debug_frame   0x000015e4       0x58 tempAndHum.o
 .debug_frame   0x0000163c       0x5c light.o
 .debug_frame   0x00001698       0x68 LoRaWANHandler.o
 .debug_frame   0x00001700       0x64 main.o
 .debug_frame   0x00001764       0xc0 ../drivers\libIotLibrary.a(hih8120.o)
 .debug_frame   0x00001824      0x460 ../drivers\libIotLibrary.a(lora_driver.o)
 .debug_frame   0x00001c84       0x48 ../drivers\libIotLibrary.a(lora_driver_utils.o)
 .debug_frame   0x00001ccc      0x100 ../drivers\libIotLibrary.a(mh_z19.o)
 .debug_frame   0x00001dcc       0x34 ../drivers\libIotLibrary.a(rc_servo.o)
 .debug_frame   0x00001e00      0x384 ../drivers\libIotLibrary.a(serial.o)
 .debug_frame   0x00002184       0x94 ../drivers\libIotLibrary.a(stdio_driver.o)
 .debug_frame   0x00002218       0xec ../drivers\libIotLibrary.a(status_leds.o)
 .debug_frame   0x00002304      0x1ec ../drivers\libIotLibrary.a(tsl2591.o)
 .debug_frame   0x000024f0      0x12c ../drivers\libIotLibrary.a(twi.o)
 .debug_frame   0x0000261c       0x24 ../drivers\libIotLibrary.a(fifo.o)

.debug_str      0x00000000     0x45e7
 *(.debug_str)
 .debug_str     0x00000000      0x3e6 C:/Program Files (x86)/Atmel/Studio/7.0/Packs/atmel/ATmega_DFP/1.6.364/gcc/dev/atmega2560/avr6/crtatmega2560.o
 .debug_str     0x000003e6      0x2dc co2.o
                                0x33c (size before relaxing)
 .debug_str     0x000006c2      0x30c FreeRTOS/src/heap_4.o
                                0x477 (size before relaxing)
 .debug_str     0x000009ce      0x135 FreeRTOS/src/list.o
                                0x2b3 (size before relaxing)
 .debug_str     0x00000b03      0x152 FreeRTOS/src/port.o
                                0x2e8 (size before relaxing)
 .debug_str     0x00000c55      0x633 FreeRTOS/src/queue.o
                                0x927 (size before relaxing)
 .debug_str     0x00001288      0x4ed FreeRTOS/src/stream_buffer.o
                                0x7b0 (size before relaxing)
 .debug_str     0x00001775      0x936 FreeRTOS/src/tasks.o
                                0xf48 (size before relaxing)
 .debug_str     0x000020ab      0x414 FreeRTOS/src/timers.o
                                0x81e (size before relaxing)
 .debug_str     0x000024bf       0x81 FreeRTOS/src/variantHooks.o
                                0x25f (size before relaxing)
 .debug_str     0x00002540      0x10c tempAndHum.o
                                0x3c8 (size before relaxing)
 .debug_str     0x0000264c      0x105 light.o
                                0x3e5 (size before relaxing)
 .debug_str     0x00002751      0x3d2 LoRaWANHandler.o
                                0x6d8 (size before relaxing)
 .debug_str     0x00002b23       0xfe main.o
                                0x506 (size before relaxing)
 .debug_str     0x00002c21      0x2d7 ../drivers\libIotLibrary.a(hih8120.o)
                                0x45c (size before relaxing)
 .debug_str     0x00002ef8      0x68f ../drivers\libIotLibrary.a(lora_driver.o)
                                0xcdb (size before relaxing)
 .debug_str     0x00003587       0x4f ../drivers\libIotLibrary.a(lora_driver_utils.o)
                                0x206 (size before relaxing)
 .debug_str     0x000035d6      0x12b ../drivers\libIotLibrary.a(mh_z19.o)
                                0x489 (size before relaxing)
 .debug_str     0x00003701       0x3c ../drivers\libIotLibrary.a(rc_servo.o)
                                0x1e2 (size before relaxing)
 .debug_str     0x0000373d      0x2e0 ../drivers\libIotLibrary.a(serial.o)
                                0x628 (size before relaxing)
 .debug_str     0x00003a1d       0xa6 ../drivers\libIotLibrary.a(stdio_driver.o)
                                0x37d (size before relaxing)
 .debug_str     0x00003ac3      0x16a ../drivers\libIotLibrary.a(status_leds.o)
                                0x36d (size before relaxing)
 .debug_str     0x00003c2d      0x6b3 ../drivers\libIotLibrary.a(tsl2591.o)
                                0xaaf (size before relaxing)
 .debug_str     0x000042e0      0x2e5 ../drivers\libIotLibrary.a(twi.o)
                                0x5b4 (size before relaxing)
 .debug_str     0x000045c5       0x22 ../drivers\libIotLibrary.a(fifo.o)
                                0x239 (size before relaxing)

.debug_loc      0x00000000     0xbea6
 *(.debug_loc)
 .debug_loc     0x00000000      0x136 co2.o
 .debug_loc     0x00000136      0x4be FreeRTOS/src/heap_4.o
 .debug_loc     0x000005f4      0x17d FreeRTOS/src/list.o
 .debug_loc     0x00000771       0xf6 FreeRTOS/src/port.o
 .debug_loc     0x00000867     0x1abd FreeRTOS/src/queue.o
 .debug_loc     0x00002324     0x1daf FreeRTOS/src/stream_buffer.o
 .debug_loc     0x000040d3     0x2a07 FreeRTOS/src/tasks.o
 .debug_loc     0x00006ada     0x10f3 FreeRTOS/src/timers.o
 .debug_loc     0x00007bcd       0xdc FreeRTOS/src/variantHooks.o
 .debug_loc     0x00007ca9      0x11a tempAndHum.o
 .debug_loc     0x00007dc3      0x11f light.o
 .debug_loc     0x00007ee2      0x15d LoRaWANHandler.o
 .debug_loc     0x0000803f      0x179 main.o
 .debug_loc     0x000081b8       0x9f ../drivers\libIotLibrary.a(hih8120.o)
 .debug_loc     0x00008257     0x1216 ../drivers\libIotLibrary.a(lora_driver.o)
 .debug_loc     0x0000946d      0x1d2 ../drivers\libIotLibrary.a(lora_driver_utils.o)
 .debug_loc     0x0000963f      0x37c ../drivers\libIotLibrary.a(mh_z19.o)
 .debug_loc     0x000099bb       0x2f ../drivers\libIotLibrary.a(rc_servo.o)
 .debug_loc     0x000099ea     0x114c ../drivers\libIotLibrary.a(serial.o)
 .debug_loc     0x0000ab36      0x18c ../drivers\libIotLibrary.a(stdio_driver.o)
 .debug_loc     0x0000acc2      0x292 ../drivers\libIotLibrary.a(status_leds.o)
 .debug_loc     0x0000af54      0x87f ../drivers\libIotLibrary.a(tsl2591.o)
 .debug_loc     0x0000b7d3      0x575 ../drivers\libIotLibrary.a(twi.o)
 .debug_loc     0x0000bd48      0x15e ../drivers\libIotLibrary.a(fifo.o)

.debug_macinfo
 *(.debug_macinfo)

.debug_weaknames
 *(.debug_weaknames)

.debug_funcnames
 *(.debug_funcnames)

.debug_typenames
 *(.debug_typenames)

.debug_varnames
 *(.debug_varnames)

.debug_pubtypes
 *(.debug_pubtypes)

.debug_ranges   0x00000000      0xa08
 *(.debug_ranges)
 .debug_ranges  0x00000000       0x18 co2.o
 .debug_ranges  0x00000018       0x48 FreeRTOS/src/heap_4.o
 .debug_ranges  0x00000060       0x30 FreeRTOS/src/list.o
 .debug_ranges  0x00000090       0x48 FreeRTOS/src/port.o
 .debug_ranges  0x000000d8      0x130 FreeRTOS/src/queue.o
 .debug_ranges  0x00000208       0xb0 FreeRTOS/src/stream_buffer.o
 .debug_ranges  0x000002b8      0x200 FreeRTOS/src/tasks.o
 .debug_ranges  0x000004b8       0xb8 FreeRTOS/src/timers.o
 .debug_ranges  0x00000570       0x30 FreeRTOS/src/variantHooks.o
 .debug_ranges  0x000005a0       0x10 tempAndHum.o
 .debug_ranges  0x000005b0       0x18 light.o
 .debug_ranges  0x000005c8       0x18 LoRaWANHandler.o
 .debug_ranges  0x000005e0       0x18 main.o
 .debug_ranges  0x000005f8       0x58 ../drivers\libIotLibrary.a(hih8120.o)
 .debug_ranges  0x00000650      0x128 ../drivers\libIotLibrary.a(lora_driver.o)
 .debug_ranges  0x00000778       0x30 ../drivers\libIotLibrary.a(lora_driver_utils.o)
 .debug_ranges  0x000007a8       0x48 ../drivers\libIotLibrary.a(mh_z19.o)
 .debug_ranges  0x000007f0       0x18 ../drivers\libIotLibrary.a(rc_servo.o)
 .debug_ranges  0x00000808       0x98 ../drivers\libIotLibrary.a(serial.o)
 .debug_ranges  0x000008a0       0x28 ../drivers\libIotLibrary.a(stdio_driver.o)
 .debug_ranges  0x000008c8       0x58 ../drivers\libIotLibrary.a(status_leds.o)
 .debug_ranges  0x00000920       0x98 ../drivers\libIotLibrary.a(tsl2591.o)
 .debug_ranges  0x000009b8       0x40 ../drivers\libIotLibrary.a(twi.o)
 .debug_ranges  0x000009f8       0x10 ../drivers\libIotLibrary.a(fifo.o)

.debug_macro
 *(.debug_macro)
OUTPUT(4.Semester.elf elf32-avr)
LOAD linker stubs
