Archive member included to satisfy reference by file (symbol)

c:/program files (x86)/atmel/studio/7.0/toolchain/avr8/avr8-gnu-toolchain/bin/../lib/gcc/avr/5.4.0/../../../../avr/lib/avr6\libm.a(fixunssfsi.o)
                              light.o (__fixunssfsi)
c:/program files (x86)/atmel/studio/7.0/toolchain/avr8/avr8-gnu-toolchain/bin/../lib/gcc/avr/5.4.0/../../../../avr/lib/avr6\libm.a(fp_split3.o)
                              c:/program files (x86)/atmel/studio/7.0/toolchain/avr8/avr8-gnu-toolchain/bin/../lib/gcc/avr/5.4.0/../../../../avr/lib/avr6\libm.a(fixunssfsi.o) (__fp_splitA)
c:/program files (x86)/atmel/studio/7.0/toolchain/avr8/avr8-gnu-toolchain/bin/../lib/gcc/avr/5.4.0/../../../../avr/lib/avr6\libm.a(fp_zero.o)
                              c:/program files (x86)/atmel/studio/7.0/toolchain/avr8/avr8-gnu-toolchain/bin/../lib/gcc/avr/5.4.0/../../../../avr/lib/avr6\libm.a(fixunssfsi.o) (__fp_zero)
../drivers\libIotLibrary.a(hih8120.o)
                              main.o (hih8120_initialise)
../drivers\libIotLibrary.a(lora_driver.o)
                              LoRaWANHandler.o (lora_driver_flushBuffers)
../drivers\libIotLibrary.a(lora_driver_utils.o)
                              ../drivers\libIotLibrary.a(lora_driver.o) (decode_port_no)
../drivers\libIotLibrary.a(mh_z19.o)
                              main.o (mh_z19_initialise)
../drivers\libIotLibrary.a(rc_servo.o)
                              motor.o (rc_servo_setPosition)
../drivers\libIotLibrary.a(serial.o)
                              ../drivers\libIotLibrary.a(lora_driver.o) (serial_create)
../drivers\libIotLibrary.a(stdio_driver.o)
                              main.o (stdio_initialise)
../drivers\libIotLibrary.a(status_leds.o)
                              main.o (status_leds_initialise)
../drivers\libIotLibrary.a(tsl2591.o)
                              main.o (tsl2591_initialise)
../drivers\libIotLibrary.a(twi.o)
                              ../drivers\libIotLibrary.a(hih8120.o) (twiCreate)
../drivers\libIotLibrary.a(fifo.o)
                              ../drivers\libIotLibrary.a(serial.o) (fifo_init)
c:/program files (x86)/atmel/studio/7.0/toolchain/avr8/avr8-gnu-toolchain/bin/../lib/gcc/avr/5.4.0/../../../../avr/lib/avr6\libm.a(addsf3.o)
                              ../drivers\libIotLibrary.a(hih8120.o) (__subsf3)
c:/program files (x86)/atmel/studio/7.0/toolchain/avr8/avr8-gnu-toolchain/bin/../lib/gcc/avr/5.4.0/../../../../avr/lib/avr6\libm.a(addsf3x.o)
                              c:/program files (x86)/atmel/studio/7.0/toolchain/avr8/avr8-gnu-toolchain/bin/../lib/gcc/avr/5.4.0/../../../../avr/lib/avr6\libm.a(addsf3.o) (__addsf3x)
c:/program files (x86)/atmel/studio/7.0/toolchain/avr8/avr8-gnu-toolchain/bin/../lib/gcc/avr/5.4.0/../../../../avr/lib/avr6\libm.a(divsf3.o)
                              ../drivers\libIotLibrary.a(hih8120.o) (__divsf3)
c:/program files (x86)/atmel/studio/7.0/toolchain/avr8/avr8-gnu-toolchain/bin/../lib/gcc/avr/5.4.0/../../../../avr/lib/avr6\libm.a(divsf3x.o)
                              c:/program files (x86)/atmel/studio/7.0/toolchain/avr8/avr8-gnu-toolchain/bin/../lib/gcc/avr/5.4.0/../../../../avr/lib/avr6\libm.a(divsf3.o) (__divsf3x)
c:/program files (x86)/atmel/studio/7.0/toolchain/avr8/avr8-gnu-toolchain/bin/../lib/gcc/avr/5.4.0/../../../../avr/lib/avr6\libm.a(fixsfsi.o)
                              ../drivers\libIotLibrary.a(hih8120.o) (__fixsfsi)
c:/program files (x86)/atmel/studio/7.0/toolchain/avr8/avr8-gnu-toolchain/bin/../lib/gcc/avr/5.4.0/../../../../avr/lib/avr6\libm.a(floatsisf.o)
                              ../drivers\libIotLibrary.a(hih8120.o) (__floatunsisf)
c:/program files (x86)/atmel/studio/7.0/toolchain/avr8/avr8-gnu-toolchain/bin/../lib/gcc/avr/5.4.0/../../../../avr/lib/avr6\libm.a(fp_inf.o)
                              c:/program files (x86)/atmel/studio/7.0/toolchain/avr8/avr8-gnu-toolchain/bin/../lib/gcc/avr/5.4.0/../../../../avr/lib/avr6\libm.a(addsf3x.o) (__fp_inf)
c:/program files (x86)/atmel/studio/7.0/toolchain/avr8/avr8-gnu-toolchain/bin/../lib/gcc/avr/5.4.0/../../../../avr/lib/avr6\libm.a(fp_nan.o)
                              c:/program files (x86)/atmel/studio/7.0/toolchain/avr8/avr8-gnu-toolchain/bin/../lib/gcc/avr/5.4.0/../../../../avr/lib/avr6\libm.a(addsf3x.o) (__fp_nan)
c:/program files (x86)/atmel/studio/7.0/toolchain/avr8/avr8-gnu-toolchain/bin/../lib/gcc/avr/5.4.0/../../../../avr/lib/avr6\libm.a(fp_pscA.o)
                              c:/program files (x86)/atmel/studio/7.0/toolchain/avr8/avr8-gnu-toolchain/bin/../lib/gcc/avr/5.4.0/../../../../avr/lib/avr6\libm.a(addsf3x.o) (__fp_pscA)
c:/program files (x86)/atmel/studio/7.0/toolchain/avr8/avr8-gnu-toolchain/bin/../lib/gcc/avr/5.4.0/../../../../avr/lib/avr6\libm.a(fp_pscB.o)
                              c:/program files (x86)/atmel/studio/7.0/toolchain/avr8/avr8-gnu-toolchain/bin/../lib/gcc/avr/5.4.0/../../../../avr/lib/avr6\libm.a(addsf3x.o) (__fp_pscB)
[...]
Memory Configuration

Name             Origin             Length             Attributes
text             0x00000000         0x00040000         xr
data             0x00800200         0x00002000         rw !x
eeprom           0x00810000         0x00001000         rw !x
fuse             0x00820000         0x00000003         rw !x
lock             0x00830000         0x00000400         rw !x
signature        0x00840000         0x00000400         rw !x
user_signatures  0x00850000         0x00000400         rw !x
*default*        0x00000000         0xffffffff

Linker script and memory map

Address of section .data set to 0x800200
LOAD C:/Program Files (x86)/Atmel/Studio/7.0/Packs/atmel/ATmega_DFP/1.6.364/gcc/dev/atmega2560/avr6/crtatmega2560.o
LOAD co2.o
LOAD FreeRTOS/FreeRTOSTraceDriver/FreeRTOSTraceDriver.o
LOAD FreeRTOS/src/croutine.o
LOAD FreeRTOS/src/event_groups.o
LOAD FreeRTOS/src/heap_4.o
LOAD FreeRTOS/src/list.o
LOAD FreeRTOS/src/port.o
LOAD FreeRTOS/src/queue.o
LOAD FreeRTOS/src/stream_buffer.o
LOAD FreeRTOS/src/tasks.o
LOAD FreeRTOS/src/timers.o
LOAD FreeRTOS/src/variantHooks.o
LOAD motor.o
LOAD tempAndHum.o
LOAD light.o
LOAD LoRaWANHandler.o
LOAD main.o
START GROUP
LOAD c:/program files (x86)/atmel/studio/7.0/toolchain/avr8/avr8-gnu-toolchain/bin/../lib/gcc/avr/5.4.0/../../../../avr/lib/avr6\libm.a
LOAD ../drivers\libIotLibrary.a
END GROUP
START GROUP
LOAD c:/program files (x86)/atmel/studio/7.0/toolchain/avr8/avr8-gnu-toolchain/bin/../lib/gcc/avr/5.4.0/avr6\libgcc.a
LOAD c:/program files (x86)/atmel/studio/7.0/toolchain/avr8/avr8-gnu-toolchain/bin/../lib/gcc/avr/5.4.0/../../../../avr/lib/avr6\libm.a
LOAD c:/program files (x86)/atmel/studio/7.0/toolchain/avr8/avr8-gnu-toolchain/bin/../lib/gcc/avr/5.4.0/../../../../avr/lib/avr6\libc.a
LOAD C:/Program Files (x86)/Atmel/Studio/7.0/Packs/atmel/ATmega_DFP/1.6.364/gcc/dev/atmega2560/avr6\libatmega2560.a
END GROUP
                0x00000000                __TEXT_REGION_ORIGIN__ = DEFINED (__TEXT_REGION_ORIGIN__)?__TEXT_REGION_ORIGIN__:0x0
                [0x00800200]                __DATA_REGION_ORIGIN__ = DEFINED (__DATA_REGION_ORIGIN__)?__DATA_REGION_ORIGIN__:0x800200
                [0x00040000]                __TEXT_REGION_LENGTH__ = DEFINED (__TEXT_REGION_LENGTH__)?__TEXT_REGION_LENGTH__:0x100000
                [0x00002000]                __DATA_REGION_LENGTH__ = DEFINED (__DATA_REGION_LENGTH__)?__DATA_REGION_LENGTH__:0xfe00
                [0x00001000]                __EEPROM_REGION_LENGTH__ = DEFINED (__EEPROM_REGION_LENGTH__)?__EEPROM_REGION_LENGTH__:0x10000
                [0x00000003]                __FUSE_REGION_LENGTH__ = DEFINED (__FUSE_REGION_LENGTH__)?__FUSE_REGION_LENGTH__:0x400
                0x00000400                __LOCK_REGION_LENGTH__ = DEFINED (__LOCK_REGION_LENGTH__)?__LOCK_REGION_LENGTH__:0x400
                0x00000400                __SIGNATURE_REGION_LENGTH__ = DEFINED (__SIGNATURE_REGION_LENGTH__)?__SIGNATURE_REGION_LENGTH__:0x400
                0x00000400                __USER_SIGNATURE_REGION_LENGTH__ = DEFINED (__USER_SIGNATURE_REGION_LENGTH__)?__USER_SIGNATURE_REGION_LENGTH__:0x400

.hash
 *(.hash)

.dynsym
 *(.dynsym)

.dynstr
 *(.dynstr)

.gnu.version
 *(.gnu.version)

.gnu.version_d
 *(.gnu.version_d)

.gnu.version_r
 *(.gnu.version_r)

.rel.init
 *(.rel.init)

.rela.init
 *(.rela.init)

.rel.text
 *(.rel.text)
 *(.rel.text.*)
 *(.rel.gnu.linkonce.t*)

.rela.text
 *(.rela.text)
 *(.rela.text.*)
 *(.rela.gnu.linkonce.t*)

.rel.fini
 *(.rel.fini)

.rela.fini
 *(.rela.fini)

.rel.rodata
 *(.rel.rodata)
 *(.rel.rodata.*)
 *(.rel.gnu.linkonce.r*)

.rela.rodata
 *(.rela.rodata)
 *(.rela.rodata.*)
 *(.rela.gnu.linkonce.r*)

.rel.data
 *(.rel.data)
 *(.rel.data.*)
 *(.rel.gnu.linkonce.d*)

.rela.data
 *(.rela.data)
 *(.rela.data.*)
 *(.rela.gnu.linkonce.d*)

.rel.ctors
 *(.rel.ctors)

.rela.ctors
 *(.rela.ctors)

.rel.dtors
 *(.rel.dtors)

.rela.dtors
 *(.rela.dtors)

.rel.got
 *(.rel.got)

.rela.got
 *(.rela.got)

.rel.bss
 *(.rel.bss)

.rela.bss
 *(.rela.bss)

.rel.plt
 *(.rel.plt)

.rela.plt
 *(.rela.plt)

.text           0x00000000     0x5dc4
 *(.vectors)
 .vectors       0x00000000       0xe4 C:/Program Files (x86)/Atmel/Studio/7.0/Packs/atmel/ATmega_DFP/1.6.364/gcc/dev/atmega2560/avr6/crtatmega2560.o
                0x00000000                __vector_default
                0x00000000                __vectors
 *(.vectors)
 *(.progmem.gcc*)
 .progmem.gcc_sw_table.prvProcessReceivedCommands
                0x000000e4       0x14 FreeRTOS/src/timers.o
 .progmem.gcc_sw_table.__vector_39
                0x000000f8       0xa2 ../drivers\libIotLibrary.a(twi.o)
                0x0000019a                . = ALIGN (0x2)
                0x0000019a                __trampolines_start = .
 *(.trampolines)
 .trampolines   0x0000019a        0x0 linker stubs
 *(.trampolines*)
                0x0000019a                __trampolines_end = .
 *libprintf_flt.a:*(.progmem.data)
 *libc.a:*(.progmem.data)
 *(.progmem*)
                0x0000019a                . = ALIGN (0x2)
 *(.jumptables)
 *(.jumptables*)
 *(.lowtext)
 .lowtext       0x0000019a       0x14 FreeRTOS/src/tasks.o
 .lowtext       0x000001ae       0x1e FreeRTOS/src/timers.o
 *(.lowtext*)
                0x000001cc                __ctors_start = .
 *(.ctors)
                0x000001cc                __ctors_end = .
                0x000001cc                __dtors_start = .
 *(.dtors)
                0x000001cc                __dtors_end = .
 SORT(*)(.ctors)
 SORT(*)(.dtors)
 *(.init0)
 .init0         0x000001cc        0x0 C:/Program Files (x86)/Atmel/Studio/7.0/Packs/atmel/ATmega_DFP/1.6.364/gcc/dev/atmega2560/avr6/crtatmega2560.o
                0x000001cc                __init
 *(.init0)
 *(.init1)
 *(.init1)
 *(.init2)
 .init2         0x000001cc       0x10 C:/Program Files (x86)/Atmel/Studio/7.0/Packs/atmel/ATmega_DFP/1.6.364/gcc/dev/atmega2560/avr6/crtatmega2560.o
 *(.init2)
 *(.init3)
 *(.init3)
 *(.init4)
 .init4         0x000001dc       0x1a c:/program files (x86)/atmel/studio/7.0/toolchain/avr8/avr8-gnu-toolchain/bin/../lib/gcc/avr/5.4.0/avr6\libgcc.a(_copy_data.o)
                0x000001dc                __do_copy_data
 .init4         0x000001f6       0x10 c:/program files (x86)/atmel/studio/7.0/toolchain/avr8/avr8-gnu-toolchain/bin/../lib/gcc/avr/5.4.0/avr6\libgcc.a(_clear_bss.o)
                0x000001f6                __do_clear_bss
 *(.init4)
 *(.init5)
 *(.init5)
 *(.init6)
 *(.init6)
 *(.init7)
 *(.init7)
 *(.init8)
 *(.init8)
 *(.init9)
 .init9         0x00000206        0x8 C:/Program Files (x86)/Atmel/Studio/7.0/Packs/atmel/ATmega_DFP/1.6.364/gcc/dev/atmega2560/avr6/crtatmega2560.o
 *(.init9)
 *(.text)
 .text          0x0000020e        0x2 C:/Program Files (x86)/Atmel/Studio/7.0/Packs/atmel/ATmega_DFP/1.6.364/gcc/dev/atmega2560/avr6/crtatmega2560.o
                0x0000020e                __vector_38
                0x0000020e                __vector_22
                0x0000020e                __vector_28
                0x0000020e                __vector_1
                0x0000020e                __vector_32
                0x0000020e                __vector_34
                0x0000020e                __vector_24
                0x0000020e                __vector_46
                0x0000020e                __bad_interrupt
                0x0000020e                __vector_6
                0x0000020e                __vector_31
                0x0000020e                __vector_35
                0x0000020e                __vector_3
                0x0000020e                __vector_23
                0x0000020e                __vector_30
                0x0000020e                __vector_45
                0x0000020e                __vector_11
                0x0000020e                __vector_13
                0x0000020e                __vector_17
                0x0000020e                __vector_19
                0x0000020e                __vector_56
                0x0000020e                __vector_7
                0x0000020e                __vector_49
                0x0000020e                __vector_41
                0x0000020e                __vector_43
                0x0000020e                __vector_27
                0x0000020e                __vector_5
                0x0000020e                __vector_33
                0x0000020e                __vector_47
                0x0000020e                __vector_4
                0x0000020e                __vector_44
                0x0000020e                __vector_9
                0x0000020e                __vector_2
                0x0000020e                __vector_21
                0x0000020e                __vector_15
                0x0000020e                __vector_29
                0x0000020e                __vector_40
                0x0000020e                __vector_8
                0x0000020e                __vector_48
                0x0000020e                __vector_14
                0x0000020e                __vector_53
                0x0000020e                __vector_10
                0x0000020e                __vector_50
                0x0000020e                __vector_16
                0x0000020e                __vector_18
                0x0000020e                __vector_20
                0x0000020e                __vector_42
                0x00000210                . = ALIGN (0x2)
 *(.text.*)
 .text.co2Task  0x00000210       0x1e co2.o
                0x00000210                co2Task
 .text.co2Callback
                0x0000022e       0x3e co2.o
                0x0000022e                co2Callback
 .text.prvHeapInit
                0x0000026c       0x52 FreeRTOS/src/heap_4.o
 .text.prvInsertBlockIntoFreeList
                0x000002be       0x94 FreeRTOS/src/heap_4.o
 .text.pvPortMalloc
                0x00000352      0x152 FreeRTOS/src/heap_4.o
                0x00000352                pvPortMalloc
 .text.vPortFree
                0x000004a4       0x7a FreeRTOS/src/heap_4.o
                0x000004a4                vPortFree
 .text.vListInitialise
                0x0000051e       0x22 FreeRTOS/src/list.o
                0x0000051e                vListInitialise
 .text.vListInitialiseItem
                0x00000540        0x8 FreeRTOS/src/list.o
                0x00000540                vListInitialiseItem
 .text.vListInsert
                0x00000548       0x7a FreeRTOS/src/list.o
                0x00000548                vListInsert
 .text.uxListRemove
                0x000005c2       0x4e FreeRTOS/src/list.o
                0x000005c2                uxListRemove
 .text.prvSetupTimerInterrupt
                0x00000610       0x18 FreeRTOS/src/port.o
 .text.pxPortInitialiseStack
                0x00000628       0x2e FreeRTOS/src/port.o
                0x00000628                pxPortInitialiseStack
 .text.xPortStartScheduler
                0x00000656       0x64 FreeRTOS/src/port.o
                0x00000656                xPortStartScheduler
 .text.vPortYield
                0x000006ba       0xc2 FreeRTOS/src/port.o
                0x000006ba                vPortYield
 .text.vPortYieldFromTick
                0x0000077c       0xca FreeRTOS/src/port.o
                0x0000077c                vPortYieldFromTick
 .text.__vector_12
                0x00000846        0x4 FreeRTOS/src/port.o
                0x00000846                __vector_12
 .text.prvGetDisinheritPriorityAfterTimeout
                0x0000084a       0x20 FreeRTOS/src/queue.o
 .text.prvIsQueueEmpty
                0x0000086a       0x1a FreeRTOS/src/queue.o
 .text.prvIsQueueFull
                0x00000884       0x1c FreeRTOS/src/queue.o
 .text.prvCopyDataToQueue
                0x000008a0       0xbe FreeRTOS/src/queue.o
 .text.prvCopyDataFromQueue
                0x0000095e       0x34 FreeRTOS/src/queue.o
 .text.prvUnlockQueue
                0x00000992       0x68 FreeRTOS/src/queue.o
 .text.xQueueGenericReset
                0x000009fa       0x86 FreeRTOS/src/queue.o
                0x000009fa                xQueueGenericReset
 .text.prvInitialiseNewQueue
                0x00000a80       0x24 FreeRTOS/src/queue.o
 .text.xQueueGenericCreate
                0x00000aa4       0x46 FreeRTOS/src/queue.o
                0x00000aa4                xQueueGenericCreate
 .text.xQueueGenericSend
                0x00000aea      0x124 FreeRTOS/src/queue.o
                0x00000aea                xQueueGenericSend
 .text.prvInitialiseMutex
                0x00000c0e       0x24 FreeRTOS/src/queue.o
 .text.xQueueCreateMutex
                0x00000c32       0x18 FreeRTOS/src/queue.o
                0x00000c32                xQueueCreateMutex
 .text.xQueueGenericSendFromISR
                0x00000c4a       0x76 FreeRTOS/src/queue.o
                0x00000c4a                xQueueGenericSendFromISR
 .text.xQueueReceive
                0x00000cc0      0x11e FreeRTOS/src/queue.o
                0x00000cc0                xQueueReceive
 .text.xQueueSemaphoreTake
                0x00000dde      0x162 FreeRTOS/src/queue.o
                0x00000dde                xQueueSemaphoreTake
 .text.vQueueWaitForMessageRestricted
                0x00000f40       0x38 FreeRTOS/src/queue.o
                0x00000f40                vQueueWaitForMessageRestricted
 .text.prvBytesInBuffer
                0x00000f78       0x26 FreeRTOS/src/stream_buffer.o
 .text.prvInitialiseNewStreamBuffer
                0x00000f9e       0x20 FreeRTOS/src/stream_buffer.o
 .text.prvWriteBytesToBuffer
                0x00000fbe       0x92 FreeRTOS/src/stream_buffer.o
 .text.prvWriteMessageToBuffer
                0x00001050       0x86 FreeRTOS/src/stream_buffer.o
 .text.prvReadBytesFromBuffer
                0x000010d6       0x9e FreeRTOS/src/stream_buffer.o
 .text.prvReadMessageFromBuffer
                0x00001174       0x8a FreeRTOS/src/stream_buffer.o
 .text.xStreamBufferGenericCreate
                0x000011fe       0x64 FreeRTOS/src/stream_buffer.o
                0x000011fe                xStreamBufferGenericCreate
 .text.xStreamBufferReset
                0x00001262       0x3c FreeRTOS/src/stream_buffer.o
                0x00001262                xStreamBufferReset
 .text.xStreamBufferSpacesAvailable
                0x0000129e       0x24 FreeRTOS/src/stream_buffer.o
                0x0000129e                xStreamBufferSpacesAvailable
 .text.xStreamBufferSend
                0x000012c2      0x186 FreeRTOS/src/stream_buffer.o
                0x000012c2                xStreamBufferSend
 .text.xStreamBufferSendFromISR
                0x00001448       0x88 FreeRTOS/src/stream_buffer.o
                0x00001448                xStreamBufferSendFromISR
 .text.xStreamBufferReceive
                0x000014d0      0x104 FreeRTOS/src/stream_buffer.o
                0x000014d0                xStreamBufferReceive
 .text.prvResetNextTaskUnblockTime
                0x000015d4       0x4e FreeRTOS/src/tasks.o
 .text.prvDeleteTCB
                0x00001622       0x1a FreeRTOS/src/tasks.o
 .text.prvInitialiseNewTask
                0x0000163c       0xfc FreeRTOS/src/tasks.o
 .text.prvInitialiseTaskLists
                0x00001738       0x60 FreeRTOS/src/tasks.o
 .text.prvAddNewTaskToReadyList
                0x00001798       0xde FreeRTOS/src/tasks.o
 .text.prvCheckTasksWaitingTermination
                0x00001876       0x4a FreeRTOS/src/tasks.o
 .text.prvAddCurrentTaskToDelayedList
                0x000018c0      0x144 FreeRTOS/src/tasks.o
 .text.xTaskCreate
                0x00001a04       0x98 FreeRTOS/src/tasks.o
                0x00001a04                xTaskCreate
 .text.vTaskStartScheduler
                0x00001a9c       0x70 FreeRTOS/src/tasks.o
                0x00001a9c                vTaskStartScheduler
 .text.vTaskSuspendAll
                0x00001b0c        0xc FreeRTOS/src/tasks.o
                0x00001b0c                vTaskSuspendAll
 .text.xTaskGetTickCount
                0x00001b18       0x1c FreeRTOS/src/tasks.o
                0x00001b18                xTaskGetTickCount
 .text.xTaskIncrementTick
                0x00001b34      0x258 FreeRTOS/src/tasks.o
                0x00001b34                xTaskIncrementTick
 .text.xTaskResumeAll
                0x00001d8c      0x1b8 FreeRTOS/src/tasks.o
                0x00001d8c                xTaskResumeAll
 .text.vTaskDelay
                0x00001f44       0x36 FreeRTOS/src/tasks.o
                0x00001f44                vTaskDelay
 .text.vTaskSwitchContext
                0x00001f7a       0xca FreeRTOS/src/tasks.o
                0x00001f7a                vTaskSwitchContext
 .text.vTaskPlaceOnEventList
                0x00002044       0x2e FreeRTOS/src/tasks.o
                0x00002044                vTaskPlaceOnEventList
 .text.vTaskPlaceOnEventListRestricted
                0x00002072       0x84 FreeRTOS/src/tasks.o
                0x00002072                vTaskPlaceOnEventListRestricted
 .text.xTaskRemoveFromEventList
                0x000020f6      0x15e FreeRTOS/src/tasks.o
                0x000020f6                xTaskRemoveFromEventList
 .text.vTaskSetTimeOutState
                0x00002254       0x2c FreeRTOS/src/tasks.o
                0x00002254                vTaskSetTimeOutState
 .text.vTaskInternalSetTimeOutState
                0x00002280       0x22 FreeRTOS/src/tasks.o
                0x00002280                vTaskInternalSetTimeOutState
 .text.xTaskCheckForTimeOut
                0x000022a2       0xcc FreeRTOS/src/tasks.o
                0x000022a2                xTaskCheckForTimeOut
 .text.vTaskMissedYield
                0x0000236e        0x8 FreeRTOS/src/tasks.o
                0x0000236e                vTaskMissedYield
 .text.xTaskGetCurrentTaskHandle
                0x00002376        0xa FreeRTOS/src/tasks.o
                0x00002376                xTaskGetCurrentTaskHandle
 .text.xTaskGetSchedulerState
                0x00002380       0x1c FreeRTOS/src/tasks.o
                0x00002380                xTaskGetSchedulerState
 .text.xTaskPriorityInherit
                0x0000239c      0x10e FreeRTOS/src/tasks.o
                0x0000239c                xTaskPriorityInherit
 .text.xTaskPriorityDisinherit
                0x000024aa       0xb6 FreeRTOS/src/tasks.o
                0x000024aa                xTaskPriorityDisinherit
 .text.vTaskPriorityDisinheritAfterTimeout
                0x00002560       0xce FreeRTOS/src/tasks.o
                0x00002560                vTaskPriorityDisinheritAfterTimeout
 .text.pvTaskIncrementMutexHeldCount
                0x0000262e       0x24 FreeRTOS/src/tasks.o
                0x0000262e                pvTaskIncrementMutexHeldCount
 .text.xTaskGenericNotifyWait
                0x00002652      0x14e FreeRTOS/src/tasks.o
                0x00002652                xTaskGenericNotifyWait
 .text.xTaskGenericNotify
                0x000027a0      0x1ee FreeRTOS/src/tasks.o
                0x000027a0                xTaskGenericNotify
 .text.xTaskGenericNotifyFromISR
                0x0000298e      0x244 FreeRTOS/src/tasks.o
                0x0000298e                xTaskGenericNotifyFromISR
 .text.xTaskGenericNotifyStateClear
                0x00002bd2       0x34 FreeRTOS/src/tasks.o
                0x00002bd2                xTaskGenericNotifyStateClear
 .text.prvGetNextExpireTime
                0x00002c06       0x30 FreeRTOS/src/timers.o
 .text.prvInsertTimerInActiveList
                0x00002c36       0x92 FreeRTOS/src/timers.o
 .text.prvCheckForValidListAndQueue
                0x00002cc8       0x52 FreeRTOS/src/timers.o
 .text.xTimerCreateTimerTask
                0x00002d1a       0x42 FreeRTOS/src/timers.o
                0x00002d1a                xTimerCreateTimerTask
 .text.xTimerGenericCommand
                0x00002d5c       0xbc FreeRTOS/src/timers.o
                0x00002d5c                xTimerGenericCommand
 .text.prvSwitchTimerLists
                0x00002e18       0xd0 FreeRTOS/src/timers.o
 .text.prvSampleTimeNow
                0x00002ee8       0x5c FreeRTOS/src/timers.o
 .text.prvProcessExpiredTimer
                0x00002f44       0xac FreeRTOS/src/timers.o
 .text.prvProcessTimerOrBlockTask
                0x00002ff0       0xae FreeRTOS/src/timers.o
 .text.prvProcessReceivedCommands
                0x0000309e      0x168 FreeRTOS/src/timers.o
 .text.vApplicationIdleHook
                0x00003206        0x2 FreeRTOS/src/variantHooks.o
                0x00003206                vApplicationIdleHook
 .text.prvSetMainLedOn
                0x00003208        0xe FreeRTOS/src/variantHooks.o
                0x00003208                prvSetMainLedOn
 .text.prvBlinkMainLed
                0x00003216        0x8 FreeRTOS/src/variantHooks.o
                0x00003216                prvBlinkMainLed
 .text.vApplicationMallocFailedHook
                0x0000321e       0x18 FreeRTOS/src/variantHooks.o
                0x0000321e                vApplicationMallocFailedHook
 .text.vApplicationStackOverflowHook
                0x00003236       0x18 FreeRTOS/src/variantHooks.o
                0x00003236                vApplicationStackOverflowHook
 .text.humMotorTask
                0x0000324e       0x66 motor.o
                0x0000324e                humMotorTask
 .text.tempAndHumidityTask
                0x000032b4       0x70 tempAndHum.o
                0x000032b4                tempAndHumidityTask
 .text.lightTask
                0x00003324       0x1e light.o
                0x00003324                lightTask
 .text.lightCallback
                0x00003342       0x9e light.o
                0x00003342                lightCallback
 .text._lora_setup
                0x000033e0       0x36 LoRaWANHandler.o
 .text.lora_handler_task
                0x00003416      0x14e LoRaWANHandler.o
                0x00003416                lora_handler_task
 .text.initialiseSystem
                0x00003564       0x5e main.o
                0x00003564                initialiseSystem
 .text.main     0x000035c2       0xa0 main.o
                0x000035c2                main
 .text.avr-libc.fplib
                0x00003662       0x58 c:/program files (x86)/atmel/studio/7.0/toolchain/avr8/avr8-gnu-toolchain/bin/../lib/gcc/avr/5.4.0/../../../../avr/lib/avr6\libm.a(fixunssfsi.o)
                0x00003662                __fixunssfsi
 .text.avr-libc.fplib
                0x000036ba       0x44 c:/program files (x86)/atmel/studio/7.0/toolchain/avr8/avr8-gnu-toolchain/bin/../lib/gcc/avr/5.4.0/../../../../avr/lib/avr6\libm.a(fp_split3.o)
                0x000036ba                __fp_split3
                0x000036ca                __fp_splitA
 .text.avr-libc.fplib
                0x000036fe        0xe c:/program files (x86)/atmel/studio/7.0/toolchain/avr8/avr8-gnu-toolchain/bin/../lib/gcc/avr/5.4.0/../../../../avr/lib/avr6\libm.a(fp_zero.o)
                0x000036fe                __fp_zero
                0x00003700                __fp_szero
 .text._hihTwiCallback
                0x0000370c       0x5a ../drivers\libIotLibrary.a(hih8120.o)
 .text.hih8120_initialise
                0x00003766       0x30 ../drivers\libIotLibrary.a(hih8120.o)
                0x00003766                hih8120_initialise
 .text.hih8120_wakeup
                0x00003796       0x2a ../drivers\libIotLibrary.a(hih8120.o)
                0x00003796                hih8120_wakeup
 .text.hih8120_measure
                0x000037c0       0x22 ../drivers\libIotLibrary.a(hih8120.o)
                0x000037c0                hih8120_measure
 .text.hih8120_getHumidity
                0x000037e2       0x2a ../drivers\libIotLibrary.a(hih8120.o)
                0x000037e2                hih8120_getHumidity
 .text.hih8120_getHumidityPercent_x10
                0x0000380c       0x14 ../drivers\libIotLibrary.a(hih8120.o)
                0x0000380c                hih8120_getHumidityPercent_x10
 .text.hih8120_getTemperature
                0x00003820       0x36 ../drivers\libIotLibrary.a(hih8120.o)
                0x00003820                hih8120_getTemperature
 .text.hih8120_getTemperature_x10
                0x00003856       0x16 ../drivers\libIotLibrary.a(hih8120.o)
                0x00003856                hih8120_getTemperature_x10
 .text._serialCallBack
                0x0000386c       0x8c ../drivers\libIotLibrary.a(lora_driver.o)
 .text._uploadMessage
                0x000038f8       0xb4 ../drivers\libIotLibrary.a(lora_driver.o)
 .text._reply2ReturnCode
                0x000039ac       0xea ../drivers\libIotLibrary.a(lora_driver.o)
 .text._uploadMessageRc
                0x00003a96        0x6 ../drivers\libIotLibrary.a(lora_driver.o)
 .text.lora_driver_flushBuffers
                0x00003a9c        0xe ../drivers\libIotLibrary.a(lora_driver.o)
                0x00003a9c                lora_driver_flushBuffers
 .text.lora_driver_initialise
                0x00003aaa       0x80 ../drivers\libIotLibrary.a(lora_driver.o)
                0x00003aaa                lora_driver_initialise
 .text.lora_driver_resetRn2483
                0x00003b2a       0x1c ../drivers\libIotLibrary.a(lora_driver.o)
                0x00003b2a                lora_driver_resetRn2483
 .text.lora_driver_join
                0x00003b46       0x52 ../drivers\libIotLibrary.a(lora_driver.o)
                0x00003b46                lora_driver_join
 .text.lora_driver_sendUploadMessage
                0x00003b98      0x196 ../drivers\libIotLibrary.a(lora_driver.o)
                0x00003b98                lora_driver_sendUploadMessage
 .text.decode_port_no
                0x00003d2e       0x58 ../drivers\libIotLibrary.a(lora_driver_utils.o)
                0x00003d2e                decode_port_no
 .text.decode_hexadecimal_string_bytes
                0x00003d86       0x92 ../drivers\libIotLibrary.a(lora_driver_utils.o)
                0x00003d86                decode_hexadecimal_string_bytes
 .text._serialCallBack
                0x00003e18       0xb6 ../drivers\libIotLibrary.a(mh_z19.o)
 .text.mh_z19_initialise
                0x00003ece       0x4a ../drivers\libIotLibrary.a(mh_z19.o)
                0x00003ece                mh_z19_initialise
 .text.mh_z19_injectCallBack
                0x00003f18        0xa ../drivers\libIotLibrary.a(mh_z19.o)
                0x00003f18                mh_z19_injectCallBack
 .text.mh_z19_takeMeassuring
                0x00003f22       0x5e ../drivers\libIotLibrary.a(mh_z19.o)
                0x00003f22                mh_z19_takeMeassuring
 .text.rc_servo_setPosition
                0x00003f80       0x30 ../drivers\libIotLibrary.a(rc_servo.o)
                0x00003f80                rc_servo_setPosition
 .text.rc_servo_initialise
                0x00003fb0       0x38 ../drivers\libIotLibrary.a(rc_servo.o)
                0x00003fb0                rc_servo_initialise
 .text.serial_create
                0x00003fe8      0x14a ../drivers\libIotLibrary.a(serial.o)
                0x00003fe8                serial_create
 .text.serial_sendByte
                0x00004132       0x56 ../drivers\libIotLibrary.a(serial.o)
                0x00004132                serial_sendByte
 .text.serial_sendBytes
                0x00004188       0xaa ../drivers\libIotLibrary.a(serial.o)
                0x00004188                serial_sendBytes
 .text.serial_getByte
                0x00004232       0x40 ../drivers\libIotLibrary.a(serial.o)
                0x00004232                serial_getByte
 .text.__vector_25
                0x00004272       0xa4 ../drivers\libIotLibrary.a(serial.o)
                0x00004272                __vector_25
 .text.__vector_26
                0x00004316       0x88 ../drivers\libIotLibrary.a(serial.o)
                0x00004316                __vector_26
 .text.__vector_36
                0x0000439e       0xa4 ../drivers\libIotLibrary.a(serial.o)
                0x0000439e                __vector_36
 .text.__vector_37
                0x00004442       0x88 ../drivers\libIotLibrary.a(serial.o)
                0x00004442                __vector_37
 .text.__vector_51
                0x000044ca       0xa4 ../drivers\libIotLibrary.a(serial.o)
                0x000044ca                __vector_51
 .text.__vector_52
                0x0000456e       0x88 ../drivers\libIotLibrary.a(serial.o)
                0x0000456e                __vector_52
 .text.__vector_54
                0x000045f6       0xa4 ../drivers\libIotLibrary.a(serial.o)
                0x000045f6                __vector_54
 .text.__vector_55
                0x0000469a       0x88 ../drivers\libIotLibrary.a(serial.o)
                0x0000469a                __vector_55
 .text.usart_getchar
                0x00004722       0x2a ../drivers\libIotLibrary.a(stdio_driver.o)
 .text.usart_putchar
                0x0000474c       0x12 ../drivers\libIotLibrary.a(stdio_driver.o)
 .text.stdio_initialise
                0x0000475e       0x52 ../drivers\libIotLibrary.a(stdio_driver.o)
                0x0000475e                stdio_initialise
 .text._turn_off
                0x000047b0       0x98 ../drivers\libIotLibrary.a(status_leds.o)
 .text._turn_on
                0x00004848       0x98 ../drivers\libIotLibrary.a(status_leds.o)
 .text._hal_led_task
                0x000048e0       0x8c ../drivers\libIotLibrary.a(status_leds.o)
 .text.status_leds_initialise
                0x0000496c       0x9c ../drivers\libIotLibrary.a(status_leds.o)
                0x0000496c                status_leds_initialise
 .text.status_leds_slowBlink
                0x00004a08       0x46 ../drivers\libIotLibrary.a(status_leds.o)
                0x00004a08                status_leds_slowBlink
 .text._callBack
                0x00004a4e       0x10 ../drivers\libIotLibrary.a(tsl2591.o)
 .text._tsl2591TwiCallback
                0x00004a5e       0x88 ../drivers\libIotLibrary.a(tsl2591.o)
 .text._twiTransmit
                0x00004ae6       0x26 ../drivers\libIotLibrary.a(tsl2591.o)
 .text.tsl2591_initialise
                0x00004b0c       0x36 ../drivers\libIotLibrary.a(tsl2591.o)
                0x00004b0c                tsl2591_initialise
 .text.tsl2591_enable
                0x00004b42       0x2a ../drivers\libIotLibrary.a(tsl2591.o)
                0x00004b42                tsl2591_enable
 .text.tsl2591_fetchData
                0x00004b6c       0x24 ../drivers\libIotLibrary.a(tsl2591.o)
                0x00004b6c                tsl2591_fetchData
 .text.tsl2591_getLux
                0x00004b90      0x1b2 ../drivers\libIotLibrary.a(tsl2591.o)
                0x00004b90                tsl2591_getLux
 .text._initTwiInterface
                0x00004d42       0x22 ../drivers\libIotLibrary.a(twi.o)
 .text.twiCreate
                0x00004d64       0x9a ../drivers\libIotLibrary.a(twi.o)
                0x00004d64                twiCreate
 .text.twiIsBusy
                0x00004dfe        0x8 ../drivers\libIotLibrary.a(twi.o)
                0x00004dfe                twiIsBusy
 .text.twiTransmit
                0x00004e06       0x98 ../drivers\libIotLibrary.a(twi.o)
                0x00004e06                twiTransmit
 .text.twiReceive
                0x00004e9e       0x66 ../drivers\libIotLibrary.a(twi.o)
                0x00004e9e                twiReceive
 .text.__vector_39
                0x00004f04      0x17a ../drivers\libIotLibrary.a(twi.o)
                0x00004f04                __vector_39
 .text.fifo_init
                0x0000507e       0x38 ../drivers\libIotLibrary.a(fifo.o)
                0x0000507e                fifo_init
 .text.avr-libc.fplib
                0x000050b6        0xa c:/program files (x86)/atmel/studio/7.0/toolchain/avr8/avr8-gnu-toolchain/bin/../lib/gcc/avr/5.4.0/../../../../avr/lib/avr6\libm.a(addsf3.o)
                0x000050b6                __subsf3
                0x000050b8                __addsf3
 .text.avr-libc.fplib
                0x000050c0       0xc4 c:/program files (x86)/atmel/studio/7.0/toolchain/avr8/avr8-gnu-toolchain/bin/../lib/gcc/avr/5.4.0/../../../../avr/lib/avr6\libm.a(addsf3x.o)
                0x000050da                __addsf3x
 .text.avr-libc.fplib
                0x00005184        0x4 c:/program files (x86)/atmel/studio/7.0/toolchain/avr8/avr8-gnu-toolchain/bin/../lib/gcc/avr/5.4.0/../../../../avr/lib/avr6\libm.a(divsf3.o)
                0x00005184                __divsf3
 .text.avr-libc.fplib
                0x00005188       0xd2 c:/program files (x86)/atmel/studio/7.0/toolchain/avr8/avr8-gnu-toolchain/bin/../lib/gcc/avr/5.4.0/../../../../avr/lib/avr6\libm.a(divsf3x.o)
                0x000051a0                __divsf3x
                0x000051a6                __divsf3_pse
 .text.avr-libc.fplib
                0x0000525a        0xe c:/program files (x86)/atmel/studio/7.0/toolchain/avr8/avr8-gnu-toolchain/bin/../lib/gcc/avr/5.4.0/../../../../avr/lib/avr6\libm.a(fixsfsi.o)
                0x0000525a                __fixsfsi
 .text.avr-libc.fplib
                0x00005268       0x7a c:/program files (x86)/atmel/studio/7.0/toolchain/avr8/avr8-gnu-toolchain/bin/../lib/gcc/avr/5.4.0/../../../../avr/lib/avr6\libm.a(floatsisf.o)
                0x00005268                __floatunsisf
                0x0000526c                __floatsisf
 .text.avr-libc.fplib
                0x000052e2        0xc c:/program files (x86)/atmel/studio/7.0/toolchain/avr8/avr8-gnu-toolchain/bin/../lib/gcc/avr/5.4.0/../../../../avr/lib/avr6\libm.a(fp_inf.o)
                0x000052e2                __fp_inf
 .text.avr-libc.fplib
                0x000052ee        0x6 c:/program files (x86)/atmel/studio/7.0/toolchain/avr8/avr8-gnu-toolchain/bin/../lib/gcc/avr/5.4.0/../../../../avr/lib/avr6\libm.a(fp_nan.o)
                0x000052ee                __fp_nan
 .text.avr-libc.fplib
                0x000052f4        0xe c:/program files (x86)/atmel/studio/7.0/toolchain/avr8/avr8-gnu-toolchain/bin/../lib/gcc/avr/5.4.0/../../../../avr/lib/avr6\libm.a(fp_pscA.o)
                0x000052f4                __fp_pscA
 .text.avr-libc.fplib
                0x00005302        0xe c:/program files (x86)/atmel/studio/7.0/toolchain/avr8/avr8-gnu-toolchain/bin/../lib/gcc/avr/5.4.0/../../../../avr/lib/avr6\libm.a(fp_pscB.o)
                0x00005302                __fp_pscB
 .text.avr-libc.fplib
                0x00005310       0x22 c:/program files (x86)/atmel/studio/7.0/toolchain/avr8/avr8-gnu-toolchain/bin/../lib/gcc/avr/5.4.0/../../../../avr/lib/avr6\libm.a(fp_round.o)
                0x00005310                __fp_round
 .text.avr-libc.fplib
                0x00005332        0x8 c:/program files (x86)/atmel/studio/7.0/toolchain/avr8/avr8-gnu-toolchain/bin/../lib/gcc/avr/5.4.0/../../../../avr/lib/avr6\libm.a(gesf2.o)
                0x00005332                __gesf2
                0x00005332                __gtsf2
 .text.avr-libc.fplib
                0x0000533a        0x4 c:/program files (x86)/atmel/studio/7.0/toolchain/avr8/avr8-gnu-toolchain/bin/../lib/gcc/avr/5.4.0/../../../../avr/lib/avr6\libm.a(mulsf3.o)
                0x0000533a                __mulsf3
 .text.avr-libc.fplib
                0x0000533e       0xc8 c:/program files (x86)/atmel/studio/7.0/toolchain/avr8/avr8-gnu-toolchain/bin/../lib/gcc/avr/5.4.0/../../../../avr/lib/avr6\libm.a(mulsf3x.o)
                0x00005354                __mulsf3x
                0x0000535a                __mulsf3_pse
 .text.avr-libc.fplib
                0x00005406       0x48 c:/program files (x86)/atmel/studio/7.0/toolchain/avr8/avr8-gnu-toolchain/bin/../lib/gcc/avr/5.4.0/../../../../avr/lib/avr6\libm.a(fp_cmp.o)
                0x00005406                __fp_cmp
 .text.libgcc.div
                0x0000544e       0x44 c:/program files (x86)/atmel/studio/7.0/toolchain/avr8/avr8-gnu-toolchain/bin/../lib/gcc/avr/5.4.0/avr6\libgcc.a(_udivmodsi4.o)
                0x0000544e                __udivmodsi4
 .text.libgcc   0x00005492       0x10 c:/program files (x86)/atmel/studio/7.0/toolchain/avr8/avr8-gnu-toolchain/bin/../lib/gcc/avr/5.4.0/avr6\libgcc.a(_tablejump2.o)
                0x00005492                __tablejump2__
 .text.avr-libc
                0x000054a2      0x242 c:/program files (x86)/atmel/studio/7.0/toolchain/avr8/avr8-gnu-toolchain/bin/../lib/gcc/avr/5.4.0/../../../../avr/lib/avr6\libc.a(malloc.o)
                0x000054a2                malloc
                0x000055d2                free
 .text.avr-libc
                0x000056e4        0x8 c:/program files (x86)/atmel/studio/7.0/toolchain/avr8/avr8-gnu-toolchain/bin/../lib/gcc/avr/5.4.0/../../../../avr/lib/avr6\libc.a(abort.o)
                0x000056e4                abort
 .text.avr-libc
                0x000056ec       0x12 c:/program files (x86)/atmel/studio/7.0/toolchain/avr8/avr8-gnu-toolchain/bin/../lib/gcc/avr/5.4.0/../../../../avr/lib/avr6\libc.a(memcpy.o)
                0x000056ec                memcpy
 .text.avr-libc
                0x000056fe        0xe c:/program files (x86)/atmel/studio/7.0/toolchain/avr8/avr8-gnu-toolchain/bin/../lib/gcc/avr/5.4.0/../../../../avr/lib/avr6\libc.a(memset.o)
                0x000056fe                memset
 .text.avr-libc
                0x0000570c       0x4a c:/program files (x86)/atmel/studio/7.0/toolchain/avr8/avr8-gnu-toolchain/bin/../lib/gcc/avr/5.4.0/../../../../avr/lib/avr6\libc.a(strcasestr.o)
                0x0000570c                strcasestr
 .text.avr-libc
                0x00005756       0x16 c:/program files (x86)/atmel/studio/7.0/toolchain/avr8/avr8-gnu-toolchain/bin/../lib/gcc/avr/5.4.0/../../../../avr/lib/avr6\libc.a(strcat.o)
                0x00005756                strcat
 .text.avr-libc
                0x0000576c        0xe c:/program files (x86)/atmel/studio/7.0/toolchain/avr8/avr8-gnu-toolchain/bin/../lib/gcc/avr/5.4.0/../../../../avr/lib/avr6\libc.a(strcpy.o)
                0x0000576c                strcpy
 .text.avr-libc
                0x0000577a       0x30 c:/program files (x86)/atmel/studio/7.0/toolchain/avr8/avr8-gnu-toolchain/bin/../lib/gcc/avr/5.4.0/../../../../avr/lib/avr6\libc.a(strncasecmp.o)
                0x0000577a                strncasecmp
 .text.avr-libc
                0x000057aa       0x60 c:/program files (x86)/atmel/studio/7.0/toolchain/avr8/avr8-gnu-toolchain/bin/../lib/gcc/avr/5.4.0/../../../../avr/lib/avr6\libc.a(puts.o)
                0x000057aa                puts
 .text.avr-libc
                0x0000580a       0x5c c:/program files (x86)/atmel/studio/7.0/toolchain/avr8/avr8-gnu-toolchain/bin/../lib/gcc/avr/5.4.0/../../../../avr/lib/avr6\libc.a(sprintf.o)
                0x0000580a                sprintf
 .text.avr-libc
                0x00005866      0x3fa c:/program files (x86)/atmel/studio/7.0/toolchain/avr8/avr8-gnu-toolchain/bin/../lib/gcc/avr/5.4.0/../../../../avr/lib/avr6\libc.a(vfprintf_std.o)
                0x00005866                vfprintf
 .text.avr-libc
                0x00005c60       0x16 c:/program files (x86)/atmel/studio/7.0/toolchain/avr8/avr8-gnu-toolchain/bin/../lib/gcc/avr/5.4.0/../../../../avr/lib/avr6\libc.a(strnlen_P.o)
                0x00005c60                strnlen_P
 .text.avr-libc
                0x00005c76       0x16 c:/program files (x86)/atmel/studio/7.0/toolchain/avr8/avr8-gnu-toolchain/bin/../lib/gcc/avr/5.4.0/../../../../avr/lib/avr6\libc.a(strnlen.o)
                0x00005c76                strnlen
 .text.avr-libc
                0x00005c8c       0x78 c:/program files (x86)/atmel/studio/7.0/toolchain/avr8/avr8-gnu-toolchain/bin/../lib/gcc/avr/5.4.0/../../../../avr/lib/avr6\libc.a(fputc.o)
                0x00005c8c                fputc
 .text.avr-libc
                0x00005d04       0xbc c:/program files (x86)/atmel/studio/7.0/toolchain/avr8/avr8-gnu-toolchain/bin/../lib/gcc/avr/5.4.0/../../../../avr/lib/avr6\libc.a(ultoa_invert.o)
                0x00005d04                __ultoa_invert
                0x00005dc0                . = ALIGN (0x2)
 *(.fini9)
 .fini9         0x00005dc0        0x0 c:/program files (x86)/atmel/studio/7.0/toolchain/avr8/avr8-gnu-toolchain/bin/../lib/gcc/avr/5.4.0/avr6\libgcc.a(_exit.o)
                0x00005dc0                _exit
                0x00005dc0                exit
 *(.fini9)
 *(.fini8)
 *(.fini8)
 *(.fini7)
 *(.fini7)
 *(.fini6)
 *(.fini6)
 *(.fini5)
 *(.fini5)
 *(.fini4)
 *(.fini4)
 *(.fini3)
 *(.fini3)
 *(.fini2)
 *(.fini2)
 *(.fini1)
 *(.fini1)
 *(.fini0)
 .fini0         0x00005dc0        0x4 c:/program files (x86)/atmel/studio/7.0/toolchain/avr8/avr8-gnu-toolchain/bin/../lib/gcc/avr/5.4.0/avr6\libgcc.a(_exit.o)
 *(.fini0)
                0x00005dc4                _etext = .

.data           0x00800200      0x396 load address 0x00005dc4
                0x00800200                PROVIDE (__data_start, .)
 *(.data)
 .data          0x00800200        0x6 c:/program files (x86)/atmel/studio/7.0/toolchain/avr8/avr8-gnu-toolchain/bin/../lib/gcc/avr/5.4.0/../../../../avr/lib/avr6\libc.a(malloc.o)
                0x00800200                __malloc_heap_end
                0x00800202                __malloc_heap_start
                0x00800204                __malloc_margin
 *(.data*)
 .data.uxTopUsedPriority
                0x00800206        0x1 FreeRTOS/src/tasks.o
                0x00800206                uxTopUsedPriority
 .data._temp    0x00800207        0x2 ../drivers\libIotLibrary.a(hih8120.o)
 .data._hum     0x00800209        0x2 ../drivers\libIotLibrary.a(hih8120.o)
 .data._com_port_2_udr
                0x0080020b        0x8 ../drivers\libIotLibrary.a(serial.o)
                0x0080020b                _com_port_2_udr
 .data.mystdout.1882
                0x00800213        0xe ../drivers\libIotLibrary.a(stdio_driver.o)
 .data._twiCurrentState
                0x00800221        0x1 ../drivers\libIotLibrary.a(twi.o)
 *(.gnu.linkonce.d*)
 *(.rodata)
 .rodata        0x00800222       0x2d ../drivers\libIotLibrary.a(mh_z19.o)
 *(.rodata*)
 .rodata.str1.1
                0x0080024f        0x5 FreeRTOS/src/tasks.o
 .rodata.str1.1
                0x00800254        0x8 FreeRTOS/src/timers.o
 .rodata.str1.1
                0x0080025c       0x13 LoRaWANHandler.o
 .rodata.str1.1
                0x0080026f       0x52 main.o
 .rodata.str1.1
                0x008002c1      0x295 ../drivers\libIotLibrary.a(lora_driver.o)
                                0x2a5 (size before relaxing)
 .rodata._joinMode
                0x00800556        0x4 ../drivers\libIotLibrary.a(lora_driver.o)
 .rodata._returnCode
                0x0080055a       0x33 ../drivers\libIotLibrary.a(lora_driver.o)
                0x0080055a                _returnCode
 .rodata.str1.1
                0x0080058d        0x8 ../drivers\libIotLibrary.a(status_leds.o)
 *(.gnu.linkonce.r*)
                0x00800596                . = ALIGN (0x2)
 *fill*         0x00800595        0x1 
                0x00800596                _edata = .
                0x00800596                PROVIDE (__data_end, .)

.bss            0x00800596      0xe30
                0x00800596                PROVIDE (__bss_start, .)
 *(.bss)
 *(.bss*)
 .bss.xBlockAllocatedBit
                0x00800596        0x2 FreeRTOS/src/heap_4.o
 .bss.xNumberOfSuccessfulFrees
                0x00800598        0x2 FreeRTOS/src/heap_4.o
 .bss.xNumberOfSuccessfulAllocations
                0x0080059a        0x2 FreeRTOS/src/heap_4.o
 .bss.xMinimumEverFreeBytesRemaining
                0x0080059c        0x2 FreeRTOS/src/heap_4.o
 .bss.xFreeBytesRemaining
                0x0080059e        0x2 FreeRTOS/src/heap_4.o
 .bss.pxEnd     0x008005a0        0x2 FreeRTOS/src/heap_4.o
 .bss.xStart    0x008005a2        0x4 FreeRTOS/src/heap_4.o
 .bss.ucHeap    0x008005a6      0xbb8 FreeRTOS/src/heap_4.o
 .bss.uxSchedulerSuspended
                0x0080115e        0x1 FreeRTOS/src/tasks.o
 .bss.xIdleTaskHandle
                0x0080115f        0x2 FreeRTOS/src/tasks.o
 .bss.xNextTaskUnblockTime
                0x00801161        0x4 FreeRTOS/src/tasks.o
 .bss.uxTaskNumber
                0x00801165        0x1 FreeRTOS/src/tasks.o
 .bss.xNumOfOverflows
                0x00801166        0x1 FreeRTOS/src/tasks.o
 .bss.xYieldPending
                0x00801167        0x1 FreeRTOS/src/tasks.o
 .bss.xPendedTicks
                0x00801168        0x4 FreeRTOS/src/tasks.o
 .bss.xSchedulerRunning
                0x0080116c        0x1 FreeRTOS/src/tasks.o
 .bss.uxTopReadyPriority
                0x0080116d        0x1 FreeRTOS/src/tasks.o
 .bss.xTickCount
                0x0080116e        0x4 FreeRTOS/src/tasks.o
 .bss.uxCurrentNumberOfTasks
                0x00801172        0x1 FreeRTOS/src/tasks.o
 .bss.xSuspendedTaskList
                0x00801173        0xb FreeRTOS/src/tasks.o
 .bss.uxDeletedTasksWaitingCleanUp
                0x0080117e        0x1 FreeRTOS/src/tasks.o
 .bss.xTasksWaitingTermination
                0x0080117f        0xb FreeRTOS/src/tasks.o
 .bss.xPendingReadyList
                0x0080118a        0xb FreeRTOS/src/tasks.o
 .bss.pxOverflowDelayedTaskList
                0x00801195        0x2 FreeRTOS/src/tasks.o
 .bss.pxDelayedTaskList
                0x00801197        0x2 FreeRTOS/src/tasks.o
 .bss.xDelayedTaskList2
                0x00801199        0xb FreeRTOS/src/tasks.o
 .bss.xDelayedTaskList1
                0x008011a4        0xb FreeRTOS/src/tasks.o
 .bss.pxReadyTasksLists
                0x008011af       0x6e FreeRTOS/src/tasks.o
 .bss.pxCurrentTCB
                0x0080121d        0x2 FreeRTOS/src/tasks.o
                0x0080121d                pxCurrentTCB
 .bss.xLastTime.2436
                0x0080121f        0x4 FreeRTOS/src/timers.o
 .bss.xTimerTaskHandle
                0x00801223        0x2 FreeRTOS/src/timers.o
 .bss.xTimerQueue
                0x00801225        0x2 FreeRTOS/src/timers.o
 .bss.pxOverflowTimerList
                0x00801227        0x2 FreeRTOS/src/timers.o
 .bss.pxCurrentTimerList
                0x00801229        0x2 FreeRTOS/src/timers.o
 .bss.xActiveTimerList2
                0x0080122b        0xb FreeRTOS/src/timers.o
 .bss.xActiveTimerList1
                0x00801236        0xb FreeRTOS/src/timers.o
 .bss._downlink_payload
                0x00801241       0x16 LoRaWANHandler.o
 .bss._uplink_payload
                0x00801257       0x16 LoRaWANHandler.o
 .bss._measuringIsReady
                0x0080126d        0x1 ../drivers\libIotLibrary.a(hih8120.o)
 .bss._hih8120Handler
                0x0080126e        0x2 ../drivers\libIotLibrary.a(hih8120.o)
 .bss._tmp_buf.2871
                0x00801270       0x37 ../drivers\libIotLibrary.a(lora_driver.o)
 .bss.rec_buf_inp.2878
                0x008012a7        0x1 ../drivers\libIotLibrary.a(lora_driver.o)
 .bss._downlinkMessageBuffer
                0x008012a8        0x2 ../drivers\libIotLibrary.a(lora_driver.o)
 .bss._serialReplyBufferHandle
                0x008012aa        0x2 ../drivers\libIotLibrary.a(lora_driver.o)
 .bss._rn2483_serial
                0x008012ac        0x2 ../drivers\libIotLibrary.a(lora_driver.o)
 .bss._downlinkPayload
                0x008012ae       0x16 ../drivers\libIotLibrary.a(lora_driver.o)
 .bss._payLoadHexBytes
                0x008012c4       0x15 ../drivers\libIotLibrary.a(lora_driver.o)
 .bss._recMessageBuf
                0x008012d9       0x2d ../drivers\libIotLibrary.a(lora_driver.o)
 .bss._sendMessage
                0x00801306       0x2d ../drivers\libIotLibrary.a(lora_driver.o)
 .bss._replyMess
                0x00801333       0x2d ../drivers\libIotLibrary.a(lora_driver.o)
 .bss.data.1944
                0x00801360        0x2 ../drivers\libIotLibrary.a(mh_z19.o)
 .bss.inDex.1943
                0x00801362        0x1 ../drivers\libIotLibrary.a(mh_z19.o)
 .bss.crc_sum.1945
                0x00801363        0x1 ../drivers\libIotLibrary.a(mh_z19.o)
 .bss._appCallBack
                0x00801364        0x2 ../drivers\libIotLibrary.a(mh_z19.o)
 .bss._mh_state
                0x00801366        0x1 ../drivers\libIotLibrary.a(mh_z19.o)
                0x00801366                _mh_state
 .bss._ppm      0x00801367        0x2 ../drivers\libIotLibrary.a(mh_z19.o)
 .bss._serial   0x00801369        0x2 ../drivers\libIotLibrary.a(mh_z19.o)
 .bss._ser_handle
                0x0080136b        0x8 ../drivers\libIotLibrary.a(serial.o)
 .bss._com_serial_instance
                0x00801373        0x2 ../drivers\libIotLibrary.a(stdio_driver.o)
 .bss._led_status
                0x00801375       0x18 ../drivers\libIotLibrary.a(status_leds.o)
 .bss._infraredRaw
                0x0080138d        0x2 ../drivers\libIotLibrary.a(tsl2591.o)
 .bss._fullSpectrumRaw
                0x0080138f        0x2 ../drivers\libIotLibrary.a(tsl2591.o)
 .bss._deviceId
                0x00801391        0x1 ../drivers\libIotLibrary.a(tsl2591.o)
 .bss._currentIntegrationTime
                0x00801392        0x1 ../drivers\libIotLibrary.a(tsl2591.o)
 .bss._currentGain
                0x00801393        0x1 ../drivers\libIotLibrary.a(tsl2591.o)
 .bss._nextState
                0x00801394        0x1 ../drivers\libIotLibrary.a(tsl2591.o)
 .bss._callBackFunction
                0x00801395        0x2 ../drivers\libIotLibrary.a(tsl2591.o)
 .bss._twiHandler
                0x00801397        0x2 ../drivers\libIotLibrary.a(tsl2591.o)
 .bss._index.1885
                0x00801399        0x1 ../drivers\libIotLibrary.a(twi.o)
 .bss._twiCurrentHandler
                0x0080139a        0x2 ../drivers\libIotLibrary.a(twi.o)
 .bss._twiMessageLen
                0x0080139c        0x1 ../drivers\libIotLibrary.a(twi.o)
 .bss._twiMessageBuffer
                0x0080139d        0xa ../drivers\libIotLibrary.a(twi.o)
 .bss._twiIsInitiated
                0x008013a7        0x1 ../drivers\libIotLibrary.a(twi.o)
 *(COMMON)
 COMMON         0x008013a8       0x14 co2.o
                0x008013a8                downlink_buffer
                0x008013aa                entry_data
                0x008013b2                desired_data
                0x008013ba                hardware_semaphore
 COMMON         0x008013bc        0x4 c:/program files (x86)/atmel/studio/7.0/toolchain/avr8/avr8-gnu-toolchain/bin/../lib/gcc/avr/5.4.0/../../../../avr/lib/avr6\libc.a(malloc.o)
                0x008013bc                __brkval
                0x008013be                __flp
 COMMON         0x008013c0        0x6 c:/program files (x86)/atmel/studio/7.0/toolchain/avr8/avr8-gnu-toolchain/bin/../lib/gcc/avr/5.4.0/../../../../avr/lib/avr6\libc.a(iob.o)
                0x008013c0                __iob
                0x008013c6                PROVIDE (__bss_end, .)
                0x00005dc4                __data_load_start = LOADADDR (.data)
                0x0000615a                __data_load_end = (__data_load_start + SIZEOF (.data))

.noinit         0x008013c6        0x0
                [!provide]                PROVIDE (__noinit_start, .)
 *(.noinit*)
                [!provide]                PROVIDE (__noinit_end, .)
                0x008013c6                _end = .
                0x008013c6                PROVIDE (__heap_start, .)

.eeprom         0x00810000        0x0
 *(.eeprom*)
                0x00810000                __eeprom_end = .

.fuse
 *(.fuse)
 *(.lfuse)
 *(.hfuse)
 *(.efuse)

.lock
 *(.lock*)

.signature
 *(.signature*)

.user_signatures
 *(.user_signatures*)

.stab
 *(.stab)

.stabstr
 *(.stabstr)

.stab.excl
 *(.stab.excl)

.stab.exclstr
 *(.stab.exclstr)

.stab.index
 *(.stab.index)

.stab.indexstr
 *(.stab.indexstr)

.comment        0x00000000       0x5c
 *(.comment)
 .comment       0x00000000       0x30 co2.o
                                 0x31 (size before relaxing)
 .comment       0x00000030       0x31 FreeRTOS/src/heap_4.o
 .comment       0x00000030       0x31 FreeRTOS/src/list.o
 .comment       0x00000030       0x31 FreeRTOS/src/port.o
 .comment       0x00000030       0x31 FreeRTOS/src/queue.o
 .comment       0x00000030       0x31 FreeRTOS/src/stream_buffer.o
 .comment       0x00000030       0x31 FreeRTOS/src/tasks.o
 .comment       0x00000030       0x31 FreeRTOS/src/timers.o
 .comment       0x00000030       0x31 FreeRTOS/src/variantHooks.o
 .comment       0x00000030       0x31 motor.o
 .comment       0x00000030       0x31 tempAndHum.o
 .comment       0x00000030       0x31 light.o
 .comment       0x00000030       0x31 LoRaWANHandler.o
 .comment       0x00000030       0x31 main.o
 .comment       0x00000030       0x31 ../drivers\libIotLibrary.a(hih8120.o)
 .comment       0x00000030       0x31 ../drivers\libIotLibrary.a(lora_driver.o)
 .comment       0x00000030       0x31 ../drivers\libIotLibrary.a(lora_driver_utils.o)
 .comment       0x00000030       0x31 ../drivers\libIotLibrary.a(mh_z19.o)
 .comment       0x00000030       0x31 ../drivers\libIotLibrary.a(rc_servo.o)
 .comment       0x00000030       0x31 ../drivers\libIotLibrary.a(serial.o)
 .comment       0x00000030       0x31 ../drivers\libIotLibrary.a(stdio_driver.o)
 .comment       0x00000030       0x31 ../drivers\libIotLibrary.a(status_leds.o)
 .comment       0x00000030       0x31 ../drivers\libIotLibrary.a(tsl2591.o)
 .comment       0x00000030       0x31 ../drivers\libIotLibrary.a(twi.o)
 .comment       0x00000030       0x31 ../drivers\libIotLibrary.a(fifo.o)
 .comment       0x00000030       0x31 c:/program files (x86)/atmel/studio/7.0/toolchain/avr8/avr8-gnu-toolchain/bin/../lib/gcc/avr/5.4.0/../../../../avr/lib/avr6\libc.a(malloc.o)
 .comment       0x00000030       0x31 c:/program files (x86)/atmel/studio/7.0/toolchain/avr8/avr8-gnu-toolchain/bin/../lib/gcc/avr/5.4.0/../../../../avr/lib/avr6\libc.a(iob.o)
 .comment       0x00000030       0x31 c:/program files (x86)/atmel/studio/7.0/toolchain/avr8/avr8-gnu-toolchain/bin/../lib/gcc/avr/5.4.0/../../../../avr/lib/avr6\libc.a(puts.o)
 .comment       0x00000030       0x31 c:/program files (x86)/atmel/studio/7.0/toolchain/avr8/avr8-gnu-toolchain/bin/../lib/gcc/avr/5.4.0/../../../../avr/lib/avr6\libc.a(sprintf.o)
 .comment       0x00000030       0x2c c:/program files (x86)/atmel/studio/7.0/toolchain/avr8/avr8-gnu-toolchain/bin/../lib/gcc/avr/5.4.0/../../../../avr/lib/avr6\libc.a(vfprintf_std.o)
                                 0x2d (size before relaxing)
 .comment       0x0000005c       0x31 c:/program files (x86)/atmel/studio/7.0/toolchain/avr8/avr8-gnu-toolchain/bin/../lib/gcc/avr/5.4.0/../../../../avr/lib/avr6\libc.a(fputc.o)

.note.gnu.avr.deviceinfo
                0x00000000       0x40
 .note.gnu.avr.deviceinfo
                0x00000000       0x40 C:/Program Files (x86)/Atmel/Studio/7.0/Packs/atmel/ATmega_DFP/1.6.364/gcc/dev/atmega2560/avr6/crtatmega2560.o

.note.gnu.build-id
 *(.note.gnu.build-id)

.debug
 *(.debug)

.line
 *(.line)

.debug_srcinfo
 *(.debug_srcinfo)

.debug_sfnames
 *(.debug_sfnames)

.debug_aranges  0x00000000      0xaf0
 *(.debug_aranges)
 .debug_aranges
                0x00000000       0x28 co2.o
 .debug_aranges
                0x00000028       0x58 FreeRTOS/src/heap_4.o
 .debug_aranges
                0x00000080       0x40 FreeRTOS/src/list.o
 .debug_aranges
                0x000000c0       0x58 FreeRTOS/src/port.o
 .debug_aranges
                0x00000118       0xf8 FreeRTOS/src/queue.o
 .debug_aranges
                0x00000210       0xc0 FreeRTOS/src/stream_buffer.o
 .debug_aranges
                0x000002d0      0x1d0 FreeRTOS/src/tasks.o
 .debug_aranges
                0x000004a0       0xc8 FreeRTOS/src/timers.o
 .debug_aranges
                0x00000568       0x40 FreeRTOS/src/variantHooks.o
 .debug_aranges
                0x000005a8       0x20 motor.o
 .debug_aranges
                0x000005c8       0x20 tempAndHum.o
 .debug_aranges
                0x000005e8       0x28 light.o
 .debug_aranges
                0x00000610       0x28 LoRaWANHandler.o
 .debug_aranges
                0x00000638       0x28 main.o
 .debug_aranges
                0x00000660       0x68 ../drivers\libIotLibrary.a(hih8120.o)
 .debug_aranges
                0x000006c8      0x138 ../drivers\libIotLibrary.a(lora_driver.o)
 .debug_aranges
                0x00000800       0x28 ../drivers\libIotLibrary.a(lora_driver_utils.o)
 .debug_aranges
                0x00000828       0x58 ../drivers\libIotLibrary.a(mh_z19.o)
 .debug_aranges
                0x00000880       0x28 ../drivers\libIotLibrary.a(rc_servo.o)
 .debug_aranges
                0x000008a8       0x90 ../drivers\libIotLibrary.a(serial.o)
 .debug_aranges
                0x00000938       0x38 ../drivers\libIotLibrary.a(stdio_driver.o)
 .debug_aranges
                0x00000970       0x68 ../drivers\libIotLibrary.a(status_leds.o)
 .debug_aranges
                0x000009d8       0xa8 ../drivers\libIotLibrary.a(tsl2591.o)
 .debug_aranges
                0x00000a80       0x50 ../drivers\libIotLibrary.a(twi.o)
 .debug_aranges
                0x00000ad0       0x20 ../drivers\libIotLibrary.a(fifo.o)

.debug_pubnames
 *(.debug_pubnames)

.debug_info     0x00000000     0xd97a
 *(.debug_info .gnu.linkonce.wi.*)
 .debug_info    0x00000000      0xbbc C:/Program Files (x86)/Atmel/Studio/7.0/Packs/atmel/ATmega_DFP/1.6.364/gcc/dev/atmega2560/avr6/crtatmega2560.o
 .debug_info    0x00000bbc      0x2f8 co2.o
 .debug_info    0x00000eb4      0x4e6 FreeRTOS/src/heap_4.o
 .debug_info    0x0000139a      0x2e7 FreeRTOS/src/list.o
 .debug_info    0x00001681      0x2ff FreeRTOS/src/port.o
 .debug_info    0x00001980     0x17e6 FreeRTOS/src/queue.o
 .debug_info    0x00003166     0x13df FreeRTOS/src/stream_buffer.o
 .debug_info    0x00004545     0x2239 FreeRTOS/src/tasks.o
 .debug_info    0x0000677e     0x10dd FreeRTOS/src/timers.o
 .debug_info    0x0000785b      0x20f FreeRTOS/src/variantHooks.o
 .debug_info    0x00007a6a      0x2e6 motor.o
 .debug_info    0x00007d50      0x350 tempAndHum.o
 .debug_info    0x000080a0      0x3c1 light.o
 .debug_info    0x00008461      0x5f3 LoRaWANHandler.o
 .debug_info    0x00008a54      0x577 main.o
 .debug_info    0x00008fcb      0x3a9 ../drivers\libIotLibrary.a(hih8120.o)
 .debug_info    0x00009374     0x1747 ../drivers\libIotLibrary.a(lora_driver.o)
 .debug_info    0x0000aabb      0x143 ../drivers\libIotLibrary.a(lora_driver_utils.o)
 .debug_info    0x0000abfe      0x556 ../drivers\libIotLibrary.a(mh_z19.o)
 .debug_info    0x0000b154      0x10f ../drivers\libIotLibrary.a(rc_servo.o)
 .debug_info    0x0000b263      0xd9b ../drivers\libIotLibrary.a(serial.o)
 .debug_info    0x0000bffe      0x3b6 ../drivers\libIotLibrary.a(stdio_driver.o)
 .debug_info    0x0000c3b4      0x50c ../drivers\libIotLibrary.a(status_leds.o)
 .debug_info    0x0000c8c0      0x99a ../drivers\libIotLibrary.a(tsl2591.o)
 .debug_info    0x0000d25a      0x55d ../drivers\libIotLibrary.a(twi.o)
 .debug_info    0x0000d7b7      0x1c3 ../drivers\libIotLibrary.a(fifo.o)

.debug_abbrev   0x00000000     0x36dd
 *(.debug_abbrev)
 .debug_abbrev  0x00000000      0xb1a C:/Program Files (x86)/Atmel/Studio/7.0/Packs/atmel/ATmega_DFP/1.6.364/gcc/dev/atmega2560/avr6/crtatmega2560.o
 .debug_abbrev  0x00000b1a      0x14e co2.o
 .debug_abbrev  0x00000c68      0x200 FreeRTOS/src/heap_4.o
 .debug_abbrev  0x00000e68       0xff FreeRTOS/src/list.o
 .debug_abbrev  0x00000f67      0x179 FreeRTOS/src/port.o
 .debug_abbrev  0x000010e0      0x241 FreeRTOS/src/queue.o
 .debug_abbrev  0x00001321      0x246 FreeRTOS/src/stream_buffer.o
 .debug_abbrev  0x00001567      0x2c8 FreeRTOS/src/tasks.o
 .debug_abbrev  0x0000182f      0x28c FreeRTOS/src/timers.o
 .debug_abbrev  0x00001abb       0xff FreeRTOS/src/variantHooks.o
 .debug_abbrev  0x00001bba      0x104 motor.o
 .debug_abbrev  0x00001cbe      0x125 tempAndHum.o
 .debug_abbrev  0x00001de3      0x175 light.o
 .debug_abbrev  0x00001f58      0x1a7 LoRaWANHandler.o
 .debug_abbrev  0x000020ff      0x149 main.o
 .debug_abbrev  0x00002248      0x184 ../drivers\libIotLibrary.a(hih8120.o)
 .debug_abbrev  0x000023cc      0x33b ../drivers\libIotLibrary.a(lora_driver.o)
 .debug_abbrev  0x00002707       0xc0 ../drivers\libIotLibrary.a(lora_driver_utils.o)
 .debug_abbrev  0x000027c7      0x238 ../drivers\libIotLibrary.a(mh_z19.o)
 .debug_abbrev  0x000029ff       0xbc ../drivers\libIotLibrary.a(rc_servo.o)
 .debug_abbrev  0x00002abb      0x355 ../drivers\libIotLibrary.a(serial.o)
 .debug_abbrev  0x00002e10      0x1b3 ../drivers\libIotLibrary.a(stdio_driver.o)
 .debug_abbrev  0x00002fc3      0x1d7 ../drivers\libIotLibrary.a(status_leds.o)
 .debug_abbrev  0x0000319a      0x244 ../drivers\libIotLibrary.a(tsl2591.o)
 .debug_abbrev  0x000033de      0x217 ../drivers\libIotLibrary.a(twi.o)
 .debug_abbrev  0x000035f5       0xe8 ../drivers\libIotLibrary.a(fifo.o)

.debug_line     0x00000000     0x6bd0
 *(.debug_line .debug_line.* .debug_line_end)
 .debug_line    0x00000000      0x1fa C:/Program Files (x86)/Atmel/Studio/7.0/Packs/atmel/ATmega_DFP/1.6.364/gcc/dev/atmega2560/avr6/crtatmega2560.o
 .debug_line    0x000001fa      0x159 co2.o
 .debug_line    0x00000353      0x41f FreeRTOS/src/heap_4.o
 .debug_line    0x00000772      0x1db FreeRTOS/src/list.o
 .debug_line    0x0000094d      0x28a FreeRTOS/src/port.o
 .debug_line    0x00000bd7      0xbe3 FreeRTOS/src/queue.o
 .debug_line    0x000017ba      0x79a FreeRTOS/src/stream_buffer.o
 .debug_line    0x00001f54     0x15ba FreeRTOS/src/tasks.o
 .debug_line    0x0000350e      0x624 FreeRTOS/src/timers.o
 .debug_line    0x00003b32      0x1af FreeRTOS/src/variantHooks.o
 .debug_line    0x00003ce1      0x147 motor.o
 .debug_line    0x00003e28      0x17f tempAndHum.o
 .debug_line    0x00003fa7      0x188 light.o
 .debug_line    0x0000412f      0x25d LoRaWANHandler.o
 .debug_line    0x0000438c      0x2ba main.o
 .debug_line    0x00004646      0x24a ../drivers\libIotLibrary.a(hih8120.o)
 .debug_line    0x00004890      0x9aa ../drivers\libIotLibrary.a(lora_driver.o)
 .debug_line    0x0000523a      0x195 ../drivers\libIotLibrary.a(lora_driver_utils.o)
 .debug_line    0x000053cf      0x2fc ../drivers\libIotLibrary.a(mh_z19.o)
 .debug_line    0x000056cb       0xfd ../drivers\libIotLibrary.a(rc_servo.o)
 .debug_line    0x000057c8      0x6a0 ../drivers\libIotLibrary.a(serial.o)
 .debug_line    0x00005e68      0x146 ../drivers\libIotLibrary.a(stdio_driver.o)
 .debug_line    0x00005fae      0x32c ../drivers\libIotLibrary.a(status_leds.o)
 .debug_line    0x000062da      0x4bf ../drivers\libIotLibrary.a(tsl2591.o)
 .debug_line    0x00006799      0x31c ../drivers\libIotLibrary.a(twi.o)
 .debug_line    0x00006ab5      0x11b ../drivers\libIotLibrary.a(fifo.o)

.debug_frame    0x00000000     0x25a8
 *(.debug_frame)
 .debug_frame   0x00000000       0x44 co2.o
 .debug_frame   0x00000044       0xfc FreeRTOS/src/heap_4.o
 .debug_frame   0x00000140       0x90 FreeRTOS/src/list.o
 .debug_frame   0x000001d0       0x94 FreeRTOS/src/port.o
 .debug_frame   0x00000264      0x3a4 FreeRTOS/src/queue.o
 .debug_frame   0x00000608      0x40c FreeRTOS/src/stream_buffer.o
 .debug_frame   0x00000a14      0x7a0 FreeRTOS/src/tasks.o
 .debug_frame   0x000011b4      0x3ac FreeRTOS/src/timers.o
 .debug_frame   0x00001560       0x64 FreeRTOS/src/variantHooks.o
 .debug_frame   0x000015c4       0x24 motor.o
 .debug_frame   0x000015e8       0x24 tempAndHum.o
 .debug_frame   0x0000160c       0x4c light.o
 .debug_frame   0x00001658       0x40 LoRaWANHandler.o
 .debug_frame   0x00001698       0x34 main.o
 .debug_frame   0x000016cc       0xc0 ../drivers\libIotLibrary.a(hih8120.o)
 .debug_frame   0x0000178c      0x460 ../drivers\libIotLibrary.a(lora_driver.o)
 .debug_frame   0x00001bec       0x48 ../drivers\libIotLibrary.a(lora_driver_utils.o)
 .debug_frame   0x00001c34      0x100 ../drivers\libIotLibrary.a(mh_z19.o)
 .debug_frame   0x00001d34       0x34 ../drivers\libIotLibrary.a(rc_servo.o)
 .debug_frame   0x00001d68      0x384 ../drivers\libIotLibrary.a(serial.o)
 .debug_frame   0x000020ec       0x94 ../drivers\libIotLibrary.a(stdio_driver.o)
 .debug_frame   0x00002180       0xec ../drivers\libIotLibrary.a(status_leds.o)
 .debug_frame   0x0000226c      0x1ec ../drivers\libIotLibrary.a(tsl2591.o)
 .debug_frame   0x00002458      0x12c ../drivers\libIotLibrary.a(twi.o)
 .debug_frame   0x00002584       0x24 ../drivers\libIotLibrary.a(fifo.o)

.debug_str      0x00000000     0x4608
 *(.debug_str)
 .debug_str     0x00000000      0x3e6 C:/Program Files (x86)/Atmel/Studio/7.0/Packs/atmel/ATmega_DFP/1.6.364/gcc/dev/atmega2560/avr6/crtatmega2560.o
 .debug_str     0x000003e6      0x293 co2.o
                                0x2ec (size before relaxing)
 .debug_str     0x00000679      0x30c FreeRTOS/src/heap_4.o
                                0x47e (size before relaxing)
 .debug_str     0x00000985      0x135 FreeRTOS/src/list.o
                                0x2ba (size before relaxing)
 .debug_str     0x00000aba      0x152 FreeRTOS/src/port.o
                                0x2ef (size before relaxing)
 .debug_str     0x00000c0c      0x633 FreeRTOS/src/queue.o
                                0x92e (size before relaxing)
 .debug_str     0x0000123f      0x4ed FreeRTOS/src/stream_buffer.o
                                0x7b7 (size before relaxing)
 .debug_str     0x0000172c      0x936 FreeRTOS/src/tasks.o
                                0xf4f (size before relaxing)
 .debug_str     0x00002062      0x414 FreeRTOS/src/timers.o
                                0x825 (size before relaxing)
 .debug_str     0x00002476       0x81 FreeRTOS/src/variantHooks.o
                                0x266 (size before relaxing)
 .debug_str     0x000024f7       0x2f motor.o
                                0x2db (size before relaxing)
 .debug_str     0x00002526       0x7f tempAndHum.o
                                0x336 (size before relaxing)
 .debug_str     0x000025a5      0x105 light.o
                                0x3d1 (size before relaxing)
 .debug_str     0x000026aa      0x29c LoRaWANHandler.o
                                0x5a2 (size before relaxing)
 .debug_str     0x00002946      0x10d main.o
                                0x3f9 (size before relaxing)
 .debug_str     0x00002a53      0x340 ../drivers\libIotLibrary.a(hih8120.o)
                                0x45c (size before relaxing)
 .debug_str     0x00002d93      0x7c5 ../drivers\libIotLibrary.a(lora_driver.o)
                                0xcdb (size before relaxing)
 .debug_str     0x00003558       0x4f ../drivers\libIotLibrary.a(lora_driver_utils.o)
                                0x206 (size before relaxing)
 .debug_str     0x000035a7      0x17b ../drivers\libIotLibrary.a(mh_z19.o)
                                0x489 (size before relaxing)
 .debug_str     0x00003722       0x3c ../drivers\libIotLibrary.a(rc_servo.o)
                                0x1e2 (size before relaxing)
 .debug_str     0x0000375e      0x2e0 ../drivers\libIotLibrary.a(serial.o)
                                0x628 (size before relaxing)
 .debug_str     0x00003a3e       0xa6 ../drivers\libIotLibrary.a(stdio_driver.o)
                                0x37d (size before relaxing)
 .debug_str     0x00003ae4      0x16a ../drivers\libIotLibrary.a(status_leds.o)
                                0x36d (size before relaxing)
 .debug_str     0x00003c4e      0x6b3 ../drivers\libIotLibrary.a(tsl2591.o)
                                0xaaf (size before relaxing)
 .debug_str     0x00004301      0x2e5 ../drivers\libIotLibrary.a(twi.o)
                                0x5b4 (size before relaxing)
 .debug_str     0x000045e6       0x22 ../drivers\libIotLibrary.a(fifo.o)
                                0x239 (size before relaxing)

.debug_loc      0x00000000     0xba04
 *(.debug_loc)
 .debug_loc     0x00000000       0x72 co2.o
 .debug_loc     0x00000072      0x4be FreeRTOS/src/heap_4.o
 .debug_loc     0x00000530      0x17d FreeRTOS/src/list.o
 .debug_loc     0x000006ad       0xf6 FreeRTOS/src/port.o
 .debug_loc     0x000007a3     0x1abd FreeRTOS/src/queue.o
 .debug_loc     0x00002260     0x1daf FreeRTOS/src/stream_buffer.o
 .debug_loc     0x0000400f     0x2a07 FreeRTOS/src/tasks.o
 .debug_loc     0x00006a16     0x10f3 FreeRTOS/src/timers.o
 .debug_loc     0x00007b09       0xdc FreeRTOS/src/variantHooks.o
 .debug_loc     0x00007be5       0x81 light.o
 .debug_loc     0x00007c66       0xb0 LoRaWANHandler.o
 .debug_loc     0x00007d16       0x9f ../drivers\libIotLibrary.a(hih8120.o)
 .debug_loc     0x00007db5     0x1216 ../drivers\libIotLibrary.a(lora_driver.o)
 .debug_loc     0x00008fcb      0x1d2 ../drivers\libIotLibrary.a(lora_driver_utils.o)
 .debug_loc     0x0000919d      0x37c ../drivers\libIotLibrary.a(mh_z19.o)
 .debug_loc     0x00009519       0x2f ../drivers\libIotLibrary.a(rc_servo.o)
 .debug_loc     0x00009548     0x114c ../drivers\libIotLibrary.a(serial.o)
 .debug_loc     0x0000a694      0x18c ../drivers\libIotLibrary.a(stdio_driver.o)
 .debug_loc     0x0000a820      0x292 ../drivers\libIotLibrary.a(status_leds.o)
 .debug_loc     0x0000aab2      0x87f ../drivers\libIotLibrary.a(tsl2591.o)
 .debug_loc     0x0000b331      0x575 ../drivers\libIotLibrary.a(twi.o)
 .debug_loc     0x0000b8a6      0x15e ../drivers\libIotLibrary.a(fifo.o)

.debug_macinfo
 *(.debug_macinfo)

.debug_weaknames
 *(.debug_weaknames)

.debug_funcnames
 *(.debug_funcnames)

.debug_typenames
 *(.debug_typenames)

.debug_varnames
 *(.debug_varnames)

.debug_pubtypes
 *(.debug_pubtypes)

.debug_ranges   0x00000000      0xa18
 *(.debug_ranges)
 .debug_ranges  0x00000000       0x18 co2.o
 .debug_ranges  0x00000018       0x48 FreeRTOS/src/heap_4.o
 .debug_ranges  0x00000060       0x30 FreeRTOS/src/list.o
 .debug_ranges  0x00000090       0x48 FreeRTOS/src/port.o
 .debug_ranges  0x000000d8      0x130 FreeRTOS/src/queue.o
 .debug_ranges  0x00000208       0xb0 FreeRTOS/src/stream_buffer.o
 .debug_ranges  0x000002b8      0x200 FreeRTOS/src/tasks.o
 .debug_ranges  0x000004b8       0xb8 FreeRTOS/src/timers.o
 .debug_ranges  0x00000570       0x30 FreeRTOS/src/variantHooks.o
 .debug_ranges  0x000005a0       0x10 motor.o
 .debug_ranges  0x000005b0       0x10 tempAndHum.o
 .debug_ranges  0x000005c0       0x18 light.o
 .debug_ranges  0x000005d8       0x18 LoRaWANHandler.o
 .debug_ranges  0x000005f0       0x18 main.o
 .debug_ranges  0x00000608       0x58 ../drivers\libIotLibrary.a(hih8120.o)
 .debug_ranges  0x00000660      0x128 ../drivers\libIotLibrary.a(lora_driver.o)
 .debug_ranges  0x00000788       0x30 ../drivers\libIotLibrary.a(lora_driver_utils.o)
 .debug_ranges  0x000007b8       0x48 ../drivers\libIotLibrary.a(mh_z19.o)
 .debug_ranges  0x00000800       0x18 ../drivers\libIotLibrary.a(rc_servo.o)
 .debug_ranges  0x00000818       0x98 ../drivers\libIotLibrary.a(serial.o)
 .debug_ranges  0x000008b0       0x28 ../drivers\libIotLibrary.a(stdio_driver.o)
 .debug_ranges  0x000008d8       0x58 ../drivers\libIotLibrary.a(status_leds.o)
 .debug_ranges  0x00000930       0x98 ../drivers\libIotLibrary.a(tsl2591.o)
 .debug_ranges  0x000009c8       0x40 ../drivers\libIotLibrary.a(twi.o)
 .debug_ranges  0x00000a08       0x10 ../drivers\libIotLibrary.a(fifo.o)

.debug_macro
 *(.debug_macro)
OUTPUT(4.Semester.elf elf32-avr)
LOAD linker stubs
